2026-01-30 07:31:52 [main] ERROR BaseClass - This is Error message
2026-01-30 07:31:55 [main] ERROR ActionDriver - Text are not matching :Invalid credentialsequals Invalid Credentials1
2026-01-30 07:32:01 [main] ERROR BaseClass - This is Error message
2026-01-30 09:41:21 [main] ERROR BaseClass - This is Error message
2026-01-30 09:41:23 [main] ERROR ActionDriver - Text are not matching :Invalid credentialsequals Invalid Credentials1
2026-01-30 09:41:29 [main] ERROR BaseClass - This is Error message
2026-01-30 09:45:02 [main] ERROR BaseClass - This is Error message
2026-01-30 09:45:10 [main] ERROR ActionDriver - Text are not matching :Invalid credentials ,  Invalid Credentials1
2026-01-30 09:45:18 [main] ERROR BaseClass - This is Error message
2026-01-30 11:19:54 [TestNG-test-LoginPageTest-2] ERROR BaseClass - This is Error message
2026-01-30 11:19:54 [TestNG-test-LoginPageTest-3] ERROR BaseClass - This is Error message
2026-01-30 11:19:56 [TestNG-test-LoginPageTest-4] ERROR BaseClass - This is Error message
2026-01-30 11:19:56 [TestNG-test-LoginPageTest-2] ERROR ActionDriver - Unable to enter the value : Error communicating with the remote browser. It may have died.
Build info: version: '4.25.0', revision: '8a8aea2337'
System info: os.name: 'Windows Server 2022', os.arch: 'amd64', os.version: '10.0', java.version: '21.0.9'
Driver info: org.openqa.selenium.chrome.ChromeDriver
Command: [5096357419ca307e9baac71e581edc0c, findElement [value, using]]
Capabilities {acceptInsecureCerts: false, browserName: chrome, browserVersion: 144.0.7559.98, chrome: {chromedriverVersion: 144.0.7559.109 (6a8d5e49388..., userDataDir: C:\Windows\SystemTemp\scope...}, fedcm:accounts: true, goog:chromeOptions: {debuggerAddress: localhost:50054}, goog:processID: 4836, networkConnectionEnabled: false, pageLoadStrategy: normal, platformName: windows, proxy: Proxy(), se:cdp: ws://localhost:50054/devtoo..., se:cdpVersion: 144.0.7559.98, setWindowRect: true, strictFileInteractability: false, timeouts: {implicit: 0, pageLoad: 300000, script: 30000}, unhandledPromptBehavior: dismiss and notify, webauthn:extension:credBlob: true, webauthn:extension:largeBlob: true, webauthn:extension:minPinLength: true, webauthn:extension:prf: true, webauthn:virtualAuthenticators: true}
Session ID: 5096357419ca307e9baac71e581edc0c
2026-01-30 11:19:56 [TestNG-test-LoginPageTest-2] ERROR ActionDriver - Unable to enter the value : Error communicating with the remote browser. It may have died.
Build info: version: '4.25.0', revision: '8a8aea2337'
System info: os.name: 'Windows Server 2022', os.arch: 'amd64', os.version: '10.0', java.version: '21.0.9'
Driver info: org.openqa.selenium.chrome.ChromeDriver
Command: [5096357419ca307e9baac71e581edc0c, findElement [value, using]]
Capabilities {acceptInsecureCerts: false, browserName: chrome, browserVersion: 144.0.7559.98, chrome: {chromedriverVersion: 144.0.7559.109 (6a8d5e49388..., userDataDir: C:\Windows\SystemTemp\scope...}, fedcm:accounts: true, goog:chromeOptions: {debuggerAddress: localhost:50054}, goog:processID: 4836, networkConnectionEnabled: false, pageLoadStrategy: normal, platformName: windows, proxy: Proxy(), se:cdp: ws://localhost:50054/devtoo..., se:cdpVersion: 144.0.7559.98, setWindowRect: true, strictFileInteractability: false, timeouts: {implicit: 0, pageLoad: 300000, script: 30000}, unhandledPromptBehavior: dismiss and notify, webauthn:extension:credBlob: true, webauthn:extension:largeBlob: true, webauthn:extension:minPinLength: true, webauthn:extension:prf: true, webauthn:virtualAuthenticators: true}
Session ID: 5096357419ca307e9baac71e581edc0c
2026-01-30 11:19:56 [TestNG-test-LoginPageTest-2] ERROR ActionDriver - Unable to describe element due to error: Error communicating with the remote browser. It may have died.
Build info: version: '4.25.0', revision: '8a8aea2337'
System info: os.name: 'Windows Server 2022', os.arch: 'amd64', os.version: '10.0', java.version: '21.0.9'
Driver info: org.openqa.selenium.chrome.ChromeDriver
Command: [5096357419ca307e9baac71e581edc0c, findElement [value, using]]
Capabilities {acceptInsecureCerts: false, browserName: chrome, browserVersion: 144.0.7559.98, chrome: {chromedriverVersion: 144.0.7559.109 (6a8d5e49388..., userDataDir: C:\Windows\SystemTemp\scope...}, fedcm:accounts: true, goog:chromeOptions: {debuggerAddress: localhost:50054}, goog:processID: 4836, networkConnectionEnabled: false, pageLoadStrategy: normal, platformName: windows, proxy: Proxy(), se:cdp: ws://localhost:50054/devtoo..., se:cdpVersion: 144.0.7559.98, setWindowRect: true, strictFileInteractability: false, timeouts: {implicit: 0, pageLoad: 300000, script: 30000}, unhandledPromptBehavior: dismiss and notify, webauthn:extension:credBlob: true, webauthn:extension:largeBlob: true, webauthn:extension:minPinLength: true, webauthn:extension:prf: true, webauthn:virtualAuthenticators: true}
Session ID: 5096357419ca307e9baac71e581edc0c
2026-01-30 11:19:56 [TestNG-test-LoginPageTest-2] ERROR ActionDriver - Unable to click element : Error communicating with the remote browser. It may have died.
Build info: version: '4.25.0', revision: '8a8aea2337'
System info: os.name: 'Windows Server 2022', os.arch: 'amd64', os.version: '10.0', java.version: '21.0.9'
Driver info: org.openqa.selenium.chrome.ChromeDriver
Command: [5096357419ca307e9baac71e581edc0c, findElement [value, using]]
Capabilities {acceptInsecureCerts: false, browserName: chrome, browserVersion: 144.0.7559.98, chrome: {chromedriverVersion: 144.0.7559.109 (6a8d5e49388..., userDataDir: C:\Windows\SystemTemp\scope...}, fedcm:accounts: true, goog:chromeOptions: {debuggerAddress: localhost:50054}, goog:processID: 4836, networkConnectionEnabled: false, pageLoadStrategy: normal, platformName: windows, proxy: Proxy(), se:cdp: ws://localhost:50054/devtoo..., se:cdpVersion: 144.0.7559.98, setWindowRect: true, strictFileInteractability: false, timeouts: {implicit: 0, pageLoad: 300000, script: 30000}, unhandledPromptBehavior: dismiss and notify, webauthn:extension:credBlob: true, webauthn:extension:largeBlob: true, webauthn:extension:minPinLength: true, webauthn:extension:prf: true, webauthn:virtualAuthenticators: true}
Session ID: 5096357419ca307e9baac71e581edc0c
2026-01-30 11:19:56 [TestNG-test-LoginPageTest-2] ERROR ActionDriver - Unable to describe element due to error: Error communicating with the remote browser. It may have died.
Build info: version: '4.25.0', revision: '8a8aea2337'
System info: os.name: 'Windows Server 2022', os.arch: 'amd64', os.version: '10.0', java.version: '21.0.9'
Driver info: org.openqa.selenium.chrome.ChromeDriver
Command: [5096357419ca307e9baac71e581edc0c, findElement [value, using]]
Capabilities {acceptInsecureCerts: false, browserName: chrome, browserVersion: 144.0.7559.98, chrome: {chromedriverVersion: 144.0.7559.109 (6a8d5e49388..., userDataDir: C:\Windows\SystemTemp\scope...}, fedcm:accounts: true, goog:chromeOptions: {debuggerAddress: localhost:50054}, goog:processID: 4836, networkConnectionEnabled: false, pageLoadStrategy: normal, platformName: windows, proxy: Proxy(), se:cdp: ws://localhost:50054/devtoo..., se:cdpVersion: 144.0.7559.98, setWindowRect: true, strictFileInteractability: false, timeouts: {implicit: 0, pageLoad: 300000, script: 30000}, unhandledPromptBehavior: dismiss and notify, webauthn:extension:credBlob: true, webauthn:extension:largeBlob: true, webauthn:extension:minPinLength: true, webauthn:extension:prf: true, webauthn:virtualAuthenticators: true}
Session ID: 5096357419ca307e9baac71e581edc0c
2026-01-30 11:19:56 [TestNG-test-LoginPageTest-2] ERROR ActionDriver - Element is not displayed : Error communicating with the remote browser. It may have died.
Build info: version: '4.25.0', revision: '8a8aea2337'
System info: os.name: 'Windows Server 2022', os.arch: 'amd64', os.version: '10.0', java.version: '21.0.9'
Driver info: org.openqa.selenium.chrome.ChromeDriver
Command: [5096357419ca307e9baac71e581edc0c, findElement [value, using]]
Capabilities {acceptInsecureCerts: false, browserName: chrome, browserVersion: 144.0.7559.98, chrome: {chromedriverVersion: 144.0.7559.109 (6a8d5e49388..., userDataDir: C:\Windows\SystemTemp\scope...}, fedcm:accounts: true, goog:chromeOptions: {debuggerAddress: localhost:50054}, goog:processID: 4836, networkConnectionEnabled: false, pageLoadStrategy: normal, platformName: windows, proxy: Proxy(), se:cdp: ws://localhost:50054/devtoo..., se:cdpVersion: 144.0.7559.98, setWindowRect: true, strictFileInteractability: false, timeouts: {implicit: 0, pageLoad: 300000, script: 30000}, unhandledPromptBehavior: dismiss and notify, webauthn:extension:credBlob: true, webauthn:extension:largeBlob: true, webauthn:extension:minPinLength: true, webauthn:extension:prf: true, webauthn:virtualAuthenticators: true}
Session ID: 5096357419ca307e9baac71e581edc0c
2026-01-30 11:19:57 [TestNG-test-LoginPageTest-1] ERROR BaseClass - This is Error message
2026-01-30 11:44:53 [TestNG-test-LoginPageTest-3] ERROR BaseClass - This is Error message
2026-01-30 11:44:54 [TestNG-test-LoginPageTest-1] ERROR BaseClass - This is Error message
2026-01-30 11:44:54 [TestNG-test-LoginPageTest-2] ERROR BaseClass - This is Error message
2026-01-30 11:44:54 [TestNG-test-LoginPageTest-4] ERROR BaseClass - This is Error message
2026-01-30 11:44:56 [TestNG-test-LoginPageTest-1] ERROR ActionDriver - Text are not matching :Invalid credentials ,  Invalid Credentials1
2026-01-30 11:45:02 [TestNG-test-LoginPageTest-1] ERROR BaseClass - This is Error message
2026-01-30 11:51:41 [TestNG-test-LoginPageTest-2] ERROR BaseClass - This is Error message
2026-01-30 11:51:41 [TestNG-test-LoginPageTest-1] ERROR BaseClass - This is Error message
2026-01-30 11:51:41 [TestNG-test-LoginPageTest-3] ERROR BaseClass - This is Error message
2026-01-30 11:51:42 [TestNG-test-LoginPageTest-4] ERROR BaseClass - This is Error message
2026-01-30 11:51:44 [TestNG-test-LoginPageTest-1] ERROR ActionDriver - Text are not matching :Invalid credentials ,  Invalid Credentials1
2026-01-30 11:51:49 [TestNG-test-LoginPageTest-1] ERROR BaseClass - This is Error message
2026-01-30 12:32:10 [TestNG-test-OrangeHRMTest-4] ERROR BaseClass - This is Error message
2026-01-30 12:32:10 [TestNG-test-OrangeHRMTest-2] ERROR BaseClass - This is Error message
2026-01-30 12:32:10 [TestNG-test-OrangeHRMTest-3] ERROR BaseClass - This is Error message
2026-01-30 12:32:11 [TestNG-test-OrangeHRMTest-5] ERROR BaseClass - This is Error message
2026-01-30 12:32:16 [TestNG-test-OrangeHRMTest-1] ERROR BaseClass - This is Error message
2026-01-30 12:32:19 [TestNG-test-OrangeHRMTest-1] ERROR ActionDriver - Text are not matching :Invalid credentials ,  Invalid Credentials1
2026-03-04 12:18:37 [main] ERROR BaseClass - This is Error message
2026-03-04 12:18:40 [main] ERROR ActionDriver - Text are not matching :Invalid credentials ,  Invalid Credentials1
2026-03-04 12:18:48 [main] ERROR BaseClass - This is Error message
2026-03-04 18:02:44 [TestNG-test-OrangeHRMTest-2] ERROR BaseClass - This is Error message
2026-03-04 18:02:44 [TestNG-test-OrangeHRMTest-3] ERROR BaseClass - This is Error message
2026-03-04 18:02:44 [TestNG-test-OrangeHRMTest-4] ERROR BaseClass - This is Error message
2026-03-04 18:02:45 [TestNG-test-OrangeHRMTest-1] ERROR BaseClass - This is Error message
2026-03-04 18:02:47 [TestNG-test-OrangeHRMTest-1] ERROR ActionDriver - Text are not matching :Invalid credentials ,  Invalid Credentials1
2026-03-04 18:02:56 [TestNG-test-OrangeHRMTest-1] ERROR BaseClass - This is Error message
2026-03-05 06:08:42 [TestNG-test-OrangeHRMTest-1] ERROR BaseClass - This is Error message
2026-03-05 06:08:42 [TestNG-test-OrangeHRMTest-4] ERROR BaseClass - This is Error message
2026-03-05 06:08:42 [TestNG-test-OrangeHRMTest-3] ERROR BaseClass - This is Error message
2026-03-05 06:08:42 [TestNG-test-OrangeHRMTest-2] ERROR BaseClass - This is Error message
2026-03-05 06:08:55 [TestNG-test-OrangeHRMTest-1] ERROR ActionDriver - Text are not matching :Invalid credentials ,  Invalid Credentials1
2026-03-05 06:09:03 [TestNG-test-OrangeHRMTest-1] ERROR BaseClass - This is Error message
2026-03-06 08:01:33 [TestNG-test-OrangeHRMTest-2] ERROR BaseClass - This is Error message
2026-03-06 08:01:33 [TestNG-test-OrangeHRMTest-1] ERROR BaseClass - This is Error message
2026-03-06 08:01:33 [TestNG-test-OrangeHRMTest-3] ERROR BaseClass - This is Error message
2026-03-06 08:01:37 [TestNG-test-OrangeHRMTest-1] ERROR ActionDriver - Text are not matching :Invalid credentials ,  Invalid Credentials1
2026-03-06 08:01:41 [TestNG-test-OrangeHRMTest-3] ERROR BaseClass - This is Error message
2026-03-06 08:01:43 [TestNG-test-OrangeHRMTest-1] ERROR BaseClass - This is Error message
2026-03-06 08:55:10 [TestNG-test-OrangeHRMTest-3] ERROR BaseClass - This is Error message
2026-03-06 08:55:11 [TestNG-test-OrangeHRMTest-2] ERROR BaseClass - This is Error message
2026-03-06 08:55:11 [TestNG-test-OrangeHRMTest-1] ERROR BaseClass - This is Error message
2026-03-06 08:55:14 [TestNG-test-OrangeHRMTest-1] ERROR ActionDriver - Text are not matching :Invalid credentials ,  Invalid Credentials1
2026-03-06 08:55:17 [TestNG-test-OrangeHRMTest-3] ERROR BaseClass - This is Error message
2026-03-06 08:55:21 [TestNG-test-OrangeHRMTest-1] ERROR BaseClass - This is Error message
2026-03-06 08:58:53 [TestNG-test-OrangeHRMTest-1] ERROR BaseClass - This is Error message
2026-03-06 08:58:53 [TestNG-test-OrangeHRMTest-3] ERROR BaseClass - This is Error message
2026-03-06 08:58:54 [TestNG-test-OrangeHRMTest-2] ERROR BaseClass - This is Error message
2026-03-06 08:58:59 [TestNG-test-OrangeHRMTest-1] ERROR ActionDriver - Text are not matching :Invalid credentials ,  Invalid Credentials1
2026-03-06 08:59:02 [TestNG-test-OrangeHRMTest-3] ERROR BaseClass - This is Error message
2026-03-06 08:59:12 [TestNG-test-OrangeHRMTest-1] ERROR BaseClass - This is Error message
2026-03-06 09:39:29 [TestNG-test-OrangeHRMTest-1] ERROR BaseClass - This is Error message
2026-03-06 09:39:32 [TestNG-test-OrangeHRMTest-3] ERROR BaseClass - This is Error message
2026-03-06 09:39:33 [TestNG-test-OrangeHRMTest-2] ERROR BaseClass - This is Error message
2026-03-06 09:39:42 [TestNG-test-OrangeHRMTest-1] ERROR ActionDriver - Text are not matching :Invalid credentials ,  Invalid Credentials1
2026-03-06 09:39:43 [TestNG-test-OrangeHRMTest-3] ERROR BaseClass - This is Error message
2026-03-06 09:39:52 [TestNG-test-OrangeHRMTest-1] ERROR BaseClass - This is Error message
2026-03-06 13:36:28 [TestNG-test-OrangeHRMTest-3] ERROR BaseClass - This is Error message
2026-03-06 13:36:28 [TestNG-test-OrangeHRMTest-2] ERROR BaseClass - This is Error message
2026-03-06 13:36:29 [TestNG-test-OrangeHRMTest-1] ERROR BaseClass - This is Error message
2026-03-06 13:36:31 [TestNG-test-OrangeHRMTest-1] ERROR ActionDriver - Text are not matching :Invalid credentials ,  Invalid Credentials1
2026-03-06 13:36:36 [TestNG-test-OrangeHRMTest-3] ERROR BaseClass - This is Error message
2026-03-06 13:36:40 [TestNG-test-OrangeHRMTest-1] ERROR BaseClass - This is Error message
2026-03-07 10:06:38 [TestNG-test-OrangeHRMTest-1] ERROR BaseClass - This is Error message
2026-03-07 10:06:42 [TestNG-test-OrangeHRMTest-1] ERROR ActionDriver - Text are not matching :Invalid credentials ,  Invalid Credentials1
2026-03-07 10:06:45 [TestNG-test-OrangeHRMTest-2] ERROR BaseClass - This is Error message
2026-03-07 10:06:46 [TestNG-test-OrangeHRMTest-3] ERROR BaseClass - This is Error message
2026-03-07 10:07:02 [TestNG-test-OrangeHRMTest-1] ERROR BaseClass - This is Error message
2026-03-07 10:07:04 [TestNG-test-OrangeHRMTest-3] ERROR BaseClass - This is Error message
2026-03-07 10:35:56 [TestNG-test-OrangeHRMTest-3] ERROR BaseClass - This is Error message
2026-03-07 10:35:56 [TestNG-test-OrangeHRMTest-1] ERROR BaseClass - This is Error message
2026-03-07 10:36:01 [TestNG-test-OrangeHRMTest-2] ERROR BaseClass - This is Error message
2026-03-07 10:36:05 [TestNG-test-OrangeHRMTest-1] ERROR ActionDriver - Text are not matching :Invalid credentials ,  Invalid Credentials1
2026-03-07 10:36:16 [TestNG-test-OrangeHRMTest-3] ERROR BaseClass - This is Error message
2026-03-07 10:36:21 [TestNG-test-OrangeHRMTest-1] ERROR BaseClass - This is Error message
2026-03-07 10:37:01 [TestNG-test-OrangeHRMTest-2] ERROR BaseClass - This is Error message
2026-03-07 10:37:01 [TestNG-test-OrangeHRMTest-3] ERROR BaseClass - This is Error message
2026-03-07 10:37:07 [TestNG-test-OrangeHRMTest-1] ERROR BaseClass - This is Error message
2026-03-07 10:37:15 [TestNG-test-OrangeHRMTest-1] ERROR ActionDriver - Text are not matching :Invalid credentials ,  Invalid Credentials1
2026-03-07 10:37:15 [TestNG-test-OrangeHRMTest-3] ERROR BaseClass - This is Error message
2026-03-07 10:37:25 [TestNG-test-OrangeHRMTest-1] ERROR BaseClass - This is Error message
2026-03-07 12:56:25 [TestNG-test-OrangeHRMTest-2] ERROR BaseClass - This is Error message
2026-03-07 12:56:49 [TestNG-test-OrangeHRMTest-2] ERROR ActionDriver - Element is not visible  : Error communicating with the remote browser. It may have died.
Build info: version: '4.25.0', revision: '8a8aea2337'
System info: os.name: 'Windows 11', os.arch: 'amd64', os.version: '10.0', java.version: '17.0.12'
Driver info: org.openqa.selenium.chrome.ChromeDriver
Command: [4781d038d515f902f686edd92beca2b1, findElement [value, using]]
Capabilities {acceptInsecureCerts: false, browserName: chrome, browserVersion: 145.0.7632.117, chrome: {chromedriverVersion: 145.0.7632.117 (de4e5d6e13b..., userDataDir: C:\Users\swaps\AppData\Loca...}, fedcm:accounts: true, goog:chromeOptions: {debuggerAddress: localhost:53557}, goog:processID: 30224, networkConnectionEnabled: false, pageLoadStrategy: normal, platformName: windows, proxy: Proxy(), se:cdp: ws://localhost:53557/devtoo..., se:cdpVersion: 145.0.7632.117, setWindowRect: true, strictFileInteractability: false, timeouts: {implicit: 0, pageLoad: 300000, script: 30000}, unhandledPromptBehavior: dismiss and notify, webauthn:extension:credBlob: true, webauthn:extension:largeBlob: true, webauthn:extension:minPinLength: true, webauthn:extension:prf: true, webauthn:virtualAuthenticators: true}
Session ID: 4781d038d515f902f686edd92beca2b1
2026-03-07 12:56:49 [TestNG-test-OrangeHRMTest-2] ERROR ActionDriver - Unable to describe element due to error: Error communicating with the remote browser. It may have died.
Build info: version: '4.25.0', revision: '8a8aea2337'
System info: os.name: 'Windows 11', os.arch: 'amd64', os.version: '10.0', java.version: '17.0.12'
Driver info: org.openqa.selenium.chrome.ChromeDriver
Command: [4781d038d515f902f686edd92beca2b1, findElement [value, using]]
Capabilities {acceptInsecureCerts: false, browserName: chrome, browserVersion: 145.0.7632.117, chrome: {chromedriverVersion: 145.0.7632.117 (de4e5d6e13b..., userDataDir: C:\Users\swaps\AppData\Loca...}, fedcm:accounts: true, goog:chromeOptions: {debuggerAddress: localhost:53557}, goog:processID: 30224, networkConnectionEnabled: false, pageLoadStrategy: normal, platformName: windows, proxy: Proxy(), se:cdp: ws://localhost:53557/devtoo..., se:cdpVersion: 145.0.7632.117, setWindowRect: true, strictFileInteractability: false, timeouts: {implicit: 0, pageLoad: 300000, script: 30000}, unhandledPromptBehavior: dismiss and notify, webauthn:extension:credBlob: true, webauthn:extension:largeBlob: true, webauthn:extension:minPinLength: true, webauthn:extension:prf: true, webauthn:virtualAuthenticators: true}
Session ID: 4781d038d515f902f686edd92beca2b1
2026-03-07 12:56:49 [TestNG-test-OrangeHRMTest-2] ERROR ActionDriver - Unable to describe element due to error: Error communicating with the remote browser. It may have died.
Build info: version: '4.25.0', revision: '8a8aea2337'
System info: os.name: 'Windows 11', os.arch: 'amd64', os.version: '10.0', java.version: '17.0.12'
Driver info: org.openqa.selenium.chrome.ChromeDriver
Command: [4781d038d515f902f686edd92beca2b1, findElement [value, using]]
Capabilities {acceptInsecureCerts: false, browserName: chrome, browserVersion: 145.0.7632.117, chrome: {chromedriverVersion: 145.0.7632.117 (de4e5d6e13b..., userDataDir: C:\Users\swaps\AppData\Loca...}, fedcm:accounts: true, goog:chromeOptions: {debuggerAddress: localhost:53557}, goog:processID: 30224, networkConnectionEnabled: false, pageLoadStrategy: normal, platformName: windows, proxy: Proxy(), se:cdp: ws://localhost:53557/devtoo..., se:cdpVersion: 145.0.7632.117, setWindowRect: true, strictFileInteractability: false, timeouts: {implicit: 0, pageLoad: 300000, script: 30000}, unhandledPromptBehavior: dismiss and notify, webauthn:extension:credBlob: true, webauthn:extension:largeBlob: true, webauthn:extension:minPinLength: true, webauthn:extension:prf: true, webauthn:virtualAuthenticators: true}
Session ID: 4781d038d515f902f686edd92beca2b1
2026-03-07 12:56:49 [TestNG-test-OrangeHRMTest-2] ERROR ActionDriver - Unable to enter the value : Error communicating with the remote browser. It may have died.
Build info: version: '4.25.0', revision: '8a8aea2337'
System info: os.name: 'Windows 11', os.arch: 'amd64', os.version: '10.0', java.version: '17.0.12'
Driver info: org.openqa.selenium.chrome.ChromeDriver
Command: [4781d038d515f902f686edd92beca2b1, findElement [value, using]]
Capabilities {acceptInsecureCerts: false, browserName: chrome, browserVersion: 145.0.7632.117, chrome: {chromedriverVersion: 145.0.7632.117 (de4e5d6e13b..., userDataDir: C:\Users\swaps\AppData\Loca...}, fedcm:accounts: true, goog:chromeOptions: {debuggerAddress: localhost:53557}, goog:processID: 30224, networkConnectionEnabled: false, pageLoadStrategy: normal, platformName: windows, proxy: Proxy(), se:cdp: ws://localhost:53557/devtoo..., se:cdpVersion: 145.0.7632.117, setWindowRect: true, strictFileInteractability: false, timeouts: {implicit: 0, pageLoad: 300000, script: 30000}, unhandledPromptBehavior: dismiss and notify, webauthn:extension:credBlob: true, webauthn:extension:largeBlob: true, webauthn:extension:minPinLength: true, webauthn:extension:prf: true, webauthn:virtualAuthenticators: true}
Session ID: 4781d038d515f902f686edd92beca2b1
2026-03-07 12:56:49 [TestNG-test-OrangeHRMTest-2] ERROR ActionDriver - Element is not visible  : Error communicating with the remote browser. It may have died.
Build info: version: '4.25.0', revision: '8a8aea2337'
System info: os.name: 'Windows 11', os.arch: 'amd64', os.version: '10.0', java.version: '17.0.12'
Driver info: org.openqa.selenium.chrome.ChromeDriver
Command: [4781d038d515f902f686edd92beca2b1, findElement [value, using]]
Capabilities {acceptInsecureCerts: false, browserName: chrome, browserVersion: 145.0.7632.117, chrome: {chromedriverVersion: 145.0.7632.117 (de4e5d6e13b..., userDataDir: C:\Users\swaps\AppData\Loca...}, fedcm:accounts: true, goog:chromeOptions: {debuggerAddress: localhost:53557}, goog:processID: 30224, networkConnectionEnabled: false, pageLoadStrategy: normal, platformName: windows, proxy: Proxy(), se:cdp: ws://localhost:53557/devtoo..., se:cdpVersion: 145.0.7632.117, setWindowRect: true, strictFileInteractability: false, timeouts: {implicit: 0, pageLoad: 300000, script: 30000}, unhandledPromptBehavior: dismiss and notify, webauthn:extension:credBlob: true, webauthn:extension:largeBlob: true, webauthn:extension:minPinLength: true, webauthn:extension:prf: true, webauthn:virtualAuthenticators: true}
Session ID: 4781d038d515f902f686edd92beca2b1
2026-03-07 12:56:49 [TestNG-test-OrangeHRMTest-2] ERROR ActionDriver - Unable to describe element due to error: Error communicating with the remote browser. It may have died.
Build info: version: '4.25.0', revision: '8a8aea2337'
System info: os.name: 'Windows 11', os.arch: 'amd64', os.version: '10.0', java.version: '17.0.12'
Driver info: org.openqa.selenium.chrome.ChromeDriver
Command: [4781d038d515f902f686edd92beca2b1, findElement [value, using]]
Capabilities {acceptInsecureCerts: false, browserName: chrome, browserVersion: 145.0.7632.117, chrome: {chromedriverVersion: 145.0.7632.117 (de4e5d6e13b..., userDataDir: C:\Users\swaps\AppData\Loca...}, fedcm:accounts: true, goog:chromeOptions: {debuggerAddress: localhost:53557}, goog:processID: 30224, networkConnectionEnabled: false, pageLoadStrategy: normal, platformName: windows, proxy: Proxy(), se:cdp: ws://localhost:53557/devtoo..., se:cdpVersion: 145.0.7632.117, setWindowRect: true, strictFileInteractability: false, timeouts: {implicit: 0, pageLoad: 300000, script: 30000}, unhandledPromptBehavior: dismiss and notify, webauthn:extension:credBlob: true, webauthn:extension:largeBlob: true, webauthn:extension:minPinLength: true, webauthn:extension:prf: true, webauthn:virtualAuthenticators: true}
Session ID: 4781d038d515f902f686edd92beca2b1
2026-03-07 12:56:50 [TestNG-test-OrangeHRMTest-3] ERROR BaseClass - This is Error message
2026-03-07 12:56:50 [TestNG-test-OrangeHRMTest-2] ERROR ActionDriver - Unable to describe element due to error: Error communicating with the remote browser. It may have died.
Build info: version: '4.25.0', revision: '8a8aea2337'
System info: os.name: 'Windows 11', os.arch: 'amd64', os.version: '10.0', java.version: '17.0.12'
Driver info: org.openqa.selenium.chrome.ChromeDriver
Command: [4781d038d515f902f686edd92beca2b1, findElement [value, using]]
Capabilities {acceptInsecureCerts: false, browserName: chrome, browserVersion: 145.0.7632.117, chrome: {chromedriverVersion: 145.0.7632.117 (de4e5d6e13b..., userDataDir: C:\Users\swaps\AppData\Loca...}, fedcm:accounts: true, goog:chromeOptions: {debuggerAddress: localhost:53557}, goog:processID: 30224, networkConnectionEnabled: false, pageLoadStrategy: normal, platformName: windows, proxy: Proxy(), se:cdp: ws://localhost:53557/devtoo..., se:cdpVersion: 145.0.7632.117, setWindowRect: true, strictFileInteractability: false, timeouts: {implicit: 0, pageLoad: 300000, script: 30000}, unhandledPromptBehavior: dismiss and notify, webauthn:extension:credBlob: true, webauthn:extension:largeBlob: true, webauthn:extension:minPinLength: true, webauthn:extension:prf: true, webauthn:virtualAuthenticators: true}
Session ID: 4781d038d515f902f686edd92beca2b1
2026-03-07 12:56:50 [TestNG-test-OrangeHRMTest-2] ERROR ActionDriver - Unable to enter the value : Error communicating with the remote browser. It may have died.
Build info: version: '4.25.0', revision: '8a8aea2337'
System info: os.name: 'Windows 11', os.arch: 'amd64', os.version: '10.0', java.version: '17.0.12'
Driver info: org.openqa.selenium.chrome.ChromeDriver
Command: [4781d038d515f902f686edd92beca2b1, findElement [value, using]]
Capabilities {acceptInsecureCerts: false, browserName: chrome, browserVersion: 145.0.7632.117, chrome: {chromedriverVersion: 145.0.7632.117 (de4e5d6e13b..., userDataDir: C:\Users\swaps\AppData\Loca...}, fedcm:accounts: true, goog:chromeOptions: {debuggerAddress: localhost:53557}, goog:processID: 30224, networkConnectionEnabled: false, pageLoadStrategy: normal, platformName: windows, proxy: Proxy(), se:cdp: ws://localhost:53557/devtoo..., se:cdpVersion: 145.0.7632.117, setWindowRect: true, strictFileInteractability: false, timeouts: {implicit: 0, pageLoad: 300000, script: 30000}, unhandledPromptBehavior: dismiss and notify, webauthn:extension:credBlob: true, webauthn:extension:largeBlob: true, webauthn:extension:minPinLength: true, webauthn:extension:prf: true, webauthn:virtualAuthenticators: true}
Session ID: 4781d038d515f902f686edd92beca2b1
2026-03-07 12:56:50 [TestNG-test-OrangeHRMTest-2] ERROR ActionDriver - Unable to describe element due to error: Error communicating with the remote browser. It may have died.
Build info: version: '4.25.0', revision: '8a8aea2337'
System info: os.name: 'Windows 11', os.arch: 'amd64', os.version: '10.0', java.version: '17.0.12'
Driver info: org.openqa.selenium.chrome.ChromeDriver
Command: [4781d038d515f902f686edd92beca2b1, findElement [value, using]]
Capabilities {acceptInsecureCerts: false, browserName: chrome, browserVersion: 145.0.7632.117, chrome: {chromedriverVersion: 145.0.7632.117 (de4e5d6e13b..., userDataDir: C:\Users\swaps\AppData\Loca...}, fedcm:accounts: true, goog:chromeOptions: {debuggerAddress: localhost:53557}, goog:processID: 30224, networkConnectionEnabled: false, pageLoadStrategy: normal, platformName: windows, proxy: Proxy(), se:cdp: ws://localhost:53557/devtoo..., se:cdpVersion: 145.0.7632.117, setWindowRect: true, strictFileInteractability: false, timeouts: {implicit: 0, pageLoad: 300000, script: 30000}, unhandledPromptBehavior: dismiss and notify, webauthn:extension:credBlob: true, webauthn:extension:largeBlob: true, webauthn:extension:minPinLength: true, webauthn:extension:prf: true, webauthn:virtualAuthenticators: true}
Session ID: 4781d038d515f902f686edd92beca2b1
2026-03-07 12:56:50 [TestNG-test-OrangeHRMTest-2] ERROR ActionDriver - Unable to describe element due to error: Error communicating with the remote browser. It may have died.
Build info: version: '4.25.0', revision: '8a8aea2337'
System info: os.name: 'Windows 11', os.arch: 'amd64', os.version: '10.0', java.version: '17.0.12'
Driver info: org.openqa.selenium.chrome.ChromeDriver
Command: [4781d038d515f902f686edd92beca2b1, findElement [value, using]]
Capabilities {acceptInsecureCerts: false, browserName: chrome, browserVersion: 145.0.7632.117, chrome: {chromedriverVersion: 145.0.7632.117 (de4e5d6e13b..., userDataDir: C:\Users\swaps\AppData\Loca...}, fedcm:accounts: true, goog:chromeOptions: {debuggerAddress: localhost:53557}, goog:processID: 30224, networkConnectionEnabled: false, pageLoadStrategy: normal, platformName: windows, proxy: Proxy(), se:cdp: ws://localhost:53557/devtoo..., se:cdpVersion: 145.0.7632.117, setWindowRect: true, strictFileInteractability: false, timeouts: {implicit: 0, pageLoad: 300000, script: 30000}, unhandledPromptBehavior: dismiss and notify, webauthn:extension:credBlob: true, webauthn:extension:largeBlob: true, webauthn:extension:minPinLength: true, webauthn:extension:prf: true, webauthn:virtualAuthenticators: true}
Session ID: 4781d038d515f902f686edd92beca2b1
2026-03-07 12:56:50 [TestNG-test-OrangeHRMTest-2] ERROR ActionDriver - Element is not clickable  : Error communicating with the remote browser. It may have died.
Build info: version: '4.25.0', revision: '8a8aea2337'
System info: os.name: 'Windows 11', os.arch: 'amd64', os.version: '10.0', java.version: '17.0.12'
Driver info: org.openqa.selenium.chrome.ChromeDriver
Command: [4781d038d515f902f686edd92beca2b1, findElement [value, using]]
Capabilities {acceptInsecureCerts: false, browserName: chrome, browserVersion: 145.0.7632.117, chrome: {chromedriverVersion: 145.0.7632.117 (de4e5d6e13b..., userDataDir: C:\Users\swaps\AppData\Loca...}, fedcm:accounts: true, goog:chromeOptions: {debuggerAddress: localhost:53557}, goog:processID: 30224, networkConnectionEnabled: false, pageLoadStrategy: normal, platformName: windows, proxy: Proxy(), se:cdp: ws://localhost:53557/devtoo..., se:cdpVersion: 145.0.7632.117, setWindowRect: true, strictFileInteractability: false, timeouts: {implicit: 0, pageLoad: 300000, script: 30000}, unhandledPromptBehavior: dismiss and notify, webauthn:extension:credBlob: true, webauthn:extension:largeBlob: true, webauthn:extension:minPinLength: true, webauthn:extension:prf: true, webauthn:virtualAuthenticators: true}
Session ID: 4781d038d515f902f686edd92beca2b1
2026-03-07 12:56:50 [TestNG-test-OrangeHRMTest-2] ERROR ActionDriver - Unable to describe element due to error: Error communicating with the remote browser. It may have died.
Build info: version: '4.25.0', revision: '8a8aea2337'
System info: os.name: 'Windows 11', os.arch: 'amd64', os.version: '10.0', java.version: '17.0.12'
Driver info: org.openqa.selenium.chrome.ChromeDriver
Command: [4781d038d515f902f686edd92beca2b1, findElement [value, using]]
Capabilities {acceptInsecureCerts: false, browserName: chrome, browserVersion: 145.0.7632.117, chrome: {chromedriverVersion: 145.0.7632.117 (de4e5d6e13b..., userDataDir: C:\Users\swaps\AppData\Loca...}, fedcm:accounts: true, goog:chromeOptions: {debuggerAddress: localhost:53557}, goog:processID: 30224, networkConnectionEnabled: false, pageLoadStrategy: normal, platformName: windows, proxy: Proxy(), se:cdp: ws://localhost:53557/devtoo..., se:cdpVersion: 145.0.7632.117, setWindowRect: true, strictFileInteractability: false, timeouts: {implicit: 0, pageLoad: 300000, script: 30000}, unhandledPromptBehavior: dismiss and notify, webauthn:extension:credBlob: true, webauthn:extension:largeBlob: true, webauthn:extension:minPinLength: true, webauthn:extension:prf: true, webauthn:virtualAuthenticators: true}
Session ID: 4781d038d515f902f686edd92beca2b1
2026-03-07 12:56:50 [TestNG-test-OrangeHRMTest-2] ERROR ActionDriver - Unable to click element : Error communicating with the remote browser. It may have died.
Build info: version: '4.25.0', revision: '8a8aea2337'
System info: os.name: 'Windows 11', os.arch: 'amd64', os.version: '10.0', java.version: '17.0.12'
Driver info: org.openqa.selenium.chrome.ChromeDriver
Command: [4781d038d515f902f686edd92beca2b1, findElement [value, using]]
Capabilities {acceptInsecureCerts: false, browserName: chrome, browserVersion: 145.0.7632.117, chrome: {chromedriverVersion: 145.0.7632.117 (de4e5d6e13b..., userDataDir: C:\Users\swaps\AppData\Loca...}, fedcm:accounts: true, goog:chromeOptions: {debuggerAddress: localhost:53557}, goog:processID: 30224, networkConnectionEnabled: false, pageLoadStrategy: normal, platformName: windows, proxy: Proxy(), se:cdp: ws://localhost:53557/devtoo..., se:cdpVersion: 145.0.7632.117, setWindowRect: true, strictFileInteractability: false, timeouts: {implicit: 0, pageLoad: 300000, script: 30000}, unhandledPromptBehavior: dismiss and notify, webauthn:extension:credBlob: true, webauthn:extension:largeBlob: true, webauthn:extension:minPinLength: true, webauthn:extension:prf: true, webauthn:virtualAuthenticators: true}
Session ID: 4781d038d515f902f686edd92beca2b1
2026-03-07 12:56:50 [TestNG-test-OrangeHRMTest-2] ERROR ActionDriver - Element is not visible  : Error communicating with the remote browser. It may have died.
Build info: version: '4.25.0', revision: '8a8aea2337'
System info: os.name: 'Windows 11', os.arch: 'amd64', os.version: '10.0', java.version: '17.0.12'
Driver info: org.openqa.selenium.chrome.ChromeDriver
Command: [4781d038d515f902f686edd92beca2b1, findElement [value, using]]
Capabilities {acceptInsecureCerts: false, browserName: chrome, browserVersion: 145.0.7632.117, chrome: {chromedriverVersion: 145.0.7632.117 (de4e5d6e13b..., userDataDir: C:\Users\swaps\AppData\Loca...}, fedcm:accounts: true, goog:chromeOptions: {debuggerAddress: localhost:53557}, goog:processID: 30224, networkConnectionEnabled: false, pageLoadStrategy: normal, platformName: windows, proxy: Proxy(), se:cdp: ws://localhost:53557/devtoo..., se:cdpVersion: 145.0.7632.117, setWindowRect: true, strictFileInteractability: false, timeouts: {implicit: 0, pageLoad: 300000, script: 30000}, unhandledPromptBehavior: dismiss and notify, webauthn:extension:credBlob: true, webauthn:extension:largeBlob: true, webauthn:extension:minPinLength: true, webauthn:extension:prf: true, webauthn:virtualAuthenticators: true}
Session ID: 4781d038d515f902f686edd92beca2b1
2026-03-07 12:56:50 [TestNG-test-OrangeHRMTest-2] ERROR ActionDriver - Unable to describe element due to error: Error communicating with the remote browser. It may have died.
Build info: version: '4.25.0', revision: '8a8aea2337'
System info: os.name: 'Windows 11', os.arch: 'amd64', os.version: '10.0', java.version: '17.0.12'
Driver info: org.openqa.selenium.chrome.ChromeDriver
Command: [4781d038d515f902f686edd92beca2b1, findElement [value, using]]
Capabilities {acceptInsecureCerts: false, browserName: chrome, browserVersion: 145.0.7632.117, chrome: {chromedriverVersion: 145.0.7632.117 (de4e5d6e13b..., userDataDir: C:\Users\swaps\AppData\Loca...}, fedcm:accounts: true, goog:chromeOptions: {debuggerAddress: localhost:53557}, goog:processID: 30224, networkConnectionEnabled: false, pageLoadStrategy: normal, platformName: windows, proxy: Proxy(), se:cdp: ws://localhost:53557/devtoo..., se:cdpVersion: 145.0.7632.117, setWindowRect: true, strictFileInteractability: false, timeouts: {implicit: 0, pageLoad: 300000, script: 30000}, unhandledPromptBehavior: dismiss and notify, webauthn:extension:credBlob: true, webauthn:extension:largeBlob: true, webauthn:extension:minPinLength: true, webauthn:extension:prf: true, webauthn:virtualAuthenticators: true}
Session ID: 4781d038d515f902f686edd92beca2b1
2026-03-07 12:56:50 [TestNG-test-OrangeHRMTest-2] ERROR ActionDriver - Unable to describe element due to error: Error communicating with the remote browser. It may have died.
Build info: version: '4.25.0', revision: '8a8aea2337'
System info: os.name: 'Windows 11', os.arch: 'amd64', os.version: '10.0', java.version: '17.0.12'
Driver info: org.openqa.selenium.chrome.ChromeDriver
Command: [4781d038d515f902f686edd92beca2b1, findElement [value, using]]
Capabilities {acceptInsecureCerts: false, browserName: chrome, browserVersion: 145.0.7632.117, chrome: {chromedriverVersion: 145.0.7632.117 (de4e5d6e13b..., userDataDir: C:\Users\swaps\AppData\Loca...}, fedcm:accounts: true, goog:chromeOptions: {debuggerAddress: localhost:53557}, goog:processID: 30224, networkConnectionEnabled: false, pageLoadStrategy: normal, platformName: windows, proxy: Proxy(), se:cdp: ws://localhost:53557/devtoo..., se:cdpVersion: 145.0.7632.117, setWindowRect: true, strictFileInteractability: false, timeouts: {implicit: 0, pageLoad: 300000, script: 30000}, unhandledPromptBehavior: dismiss and notify, webauthn:extension:credBlob: true, webauthn:extension:largeBlob: true, webauthn:extension:minPinLength: true, webauthn:extension:prf: true, webauthn:virtualAuthenticators: true}
Session ID: 4781d038d515f902f686edd92beca2b1
2026-03-07 12:56:50 [TestNG-test-OrangeHRMTest-2] ERROR ActionDriver - Unable to describe element due to error: Error communicating with the remote browser. It may have died.
Build info: version: '4.25.0', revision: '8a8aea2337'
System info: os.name: 'Windows 11', os.arch: 'amd64', os.version: '10.0', java.version: '17.0.12'
Driver info: org.openqa.selenium.chrome.ChromeDriver
Command: [4781d038d515f902f686edd92beca2b1, findElement [value, using]]
Capabilities {acceptInsecureCerts: false, browserName: chrome, browserVersion: 145.0.7632.117, chrome: {chromedriverVersion: 145.0.7632.117 (de4e5d6e13b..., userDataDir: C:\Users\swaps\AppData\Loca...}, fedcm:accounts: true, goog:chromeOptions: {debuggerAddress: localhost:53557}, goog:processID: 30224, networkConnectionEnabled: false, pageLoadStrategy: normal, platformName: windows, proxy: Proxy(), se:cdp: ws://localhost:53557/devtoo..., se:cdpVersion: 145.0.7632.117, setWindowRect: true, strictFileInteractability: false, timeouts: {implicit: 0, pageLoad: 300000, script: 30000}, unhandledPromptBehavior: dismiss and notify, webauthn:extension:credBlob: true, webauthn:extension:largeBlob: true, webauthn:extension:minPinLength: true, webauthn:extension:prf: true, webauthn:virtualAuthenticators: true}
Session ID: 4781d038d515f902f686edd92beca2b1
2026-03-07 12:56:50 [TestNG-test-OrangeHRMTest-2] ERROR ActionDriver - Unable to describe element due to error: Error communicating with the remote browser. It may have died.
Build info: version: '4.25.0', revision: '8a8aea2337'
System info: os.name: 'Windows 11', os.arch: 'amd64', os.version: '10.0', java.version: '17.0.12'
Driver info: org.openqa.selenium.chrome.ChromeDriver
Command: [4781d038d515f902f686edd92beca2b1, findElement [value, using]]
Capabilities {acceptInsecureCerts: false, browserName: chrome, browserVersion: 145.0.7632.117, chrome: {chromedriverVersion: 145.0.7632.117 (de4e5d6e13b..., userDataDir: C:\Users\swaps\AppData\Loca...}, fedcm:accounts: true, goog:chromeOptions: {debuggerAddress: localhost:53557}, goog:processID: 30224, networkConnectionEnabled: false, pageLoadStrategy: normal, platformName: windows, proxy: Proxy(), se:cdp: ws://localhost:53557/devtoo..., se:cdpVersion: 145.0.7632.117, setWindowRect: true, strictFileInteractability: false, timeouts: {implicit: 0, pageLoad: 300000, script: 30000}, unhandledPromptBehavior: dismiss and notify, webauthn:extension:credBlob: true, webauthn:extension:largeBlob: true, webauthn:extension:minPinLength: true, webauthn:extension:prf: true, webauthn:virtualAuthenticators: true}
Session ID: 4781d038d515f902f686edd92beca2b1
2026-03-07 12:56:50 [TestNG-test-OrangeHRMTest-2] ERROR ActionDriver - Unable to describe element due to error: Error communicating with the remote browser. It may have died.
Build info: version: '4.25.0', revision: '8a8aea2337'
System info: os.name: 'Windows 11', os.arch: 'amd64', os.version: '10.0', java.version: '17.0.12'
Driver info: org.openqa.selenium.chrome.ChromeDriver
Command: [4781d038d515f902f686edd92beca2b1, findElement [value, using]]
Capabilities {acceptInsecureCerts: false, browserName: chrome, browserVersion: 145.0.7632.117, chrome: {chromedriverVersion: 145.0.7632.117 (de4e5d6e13b..., userDataDir: C:\Users\swaps\AppData\Loca...}, fedcm:accounts: true, goog:chromeOptions: {debuggerAddress: localhost:53557}, goog:processID: 30224, networkConnectionEnabled: false, pageLoadStrategy: normal, platformName: windows, proxy: Proxy(), se:cdp: ws://localhost:53557/devtoo..., se:cdpVersion: 145.0.7632.117, setWindowRect: true, strictFileInteractability: false, timeouts: {implicit: 0, pageLoad: 300000, script: 30000}, unhandledPromptBehavior: dismiss and notify, webauthn:extension:credBlob: true, webauthn:extension:largeBlob: true, webauthn:extension:minPinLength: true, webauthn:extension:prf: true, webauthn:virtualAuthenticators: true}
Session ID: 4781d038d515f902f686edd92beca2b1
2026-03-07 12:56:50 [TestNG-test-OrangeHRMTest-2] ERROR ActionDriver - Element is not displayed : Error communicating with the remote browser. It may have died.
Build info: version: '4.25.0', revision: '8a8aea2337'
System info: os.name: 'Windows 11', os.arch: 'amd64', os.version: '10.0', java.version: '17.0.12'
Driver info: org.openqa.selenium.chrome.ChromeDriver
Command: [4781d038d515f902f686edd92beca2b1, findElement [value, using]]
Capabilities {acceptInsecureCerts: false, browserName: chrome, browserVersion: 145.0.7632.117, chrome: {chromedriverVersion: 145.0.7632.117 (de4e5d6e13b..., userDataDir: C:\Users\swaps\AppData\Loca...}, fedcm:accounts: true, goog:chromeOptions: {debuggerAddress: localhost:53557}, goog:processID: 30224, networkConnectionEnabled: false, pageLoadStrategy: normal, platformName: windows, proxy: Proxy(), se:cdp: ws://localhost:53557/devtoo..., se:cdpVersion: 145.0.7632.117, setWindowRect: true, strictFileInteractability: false, timeouts: {implicit: 0, pageLoad: 300000, script: 30000}, unhandledPromptBehavior: dismiss and notify, webauthn:extension:credBlob: true, webauthn:extension:largeBlob: true, webauthn:extension:minPinLength: true, webauthn:extension:prf: true, webauthn:virtualAuthenticators: true}
Session ID: 4781d038d515f902f686edd92beca2b1
2026-03-07 12:56:50 [TestNG-test-OrangeHRMTest-2] ERROR ActionDriver - Unable to describe element due to error: Error communicating with the remote browser. It may have died.
Build info: version: '4.25.0', revision: '8a8aea2337'
System info: os.name: 'Windows 11', os.arch: 'amd64', os.version: '10.0', java.version: '17.0.12'
Driver info: org.openqa.selenium.chrome.ChromeDriver
Command: [4781d038d515f902f686edd92beca2b1, findElement [value, using]]
Capabilities {acceptInsecureCerts: false, browserName: chrome, browserVersion: 145.0.7632.117, chrome: {chromedriverVersion: 145.0.7632.117 (de4e5d6e13b..., userDataDir: C:\Users\swaps\AppData\Loca...}, fedcm:accounts: true, goog:chromeOptions: {debuggerAddress: localhost:53557}, goog:processID: 30224, networkConnectionEnabled: false, pageLoadStrategy: normal, platformName: windows, proxy: Proxy(), se:cdp: ws://localhost:53557/devtoo..., se:cdpVersion: 145.0.7632.117, setWindowRect: true, strictFileInteractability: false, timeouts: {implicit: 0, pageLoad: 300000, script: 30000}, unhandledPromptBehavior: dismiss and notify, webauthn:extension:credBlob: true, webauthn:extension:largeBlob: true, webauthn:extension:minPinLength: true, webauthn:extension:prf: true, webauthn:virtualAuthenticators: true}
Session ID: 4781d038d515f902f686edd92beca2b1
2026-03-07 12:56:51 [TestNG-test-OrangeHRMTest-4] ERROR BaseClass - This is Error message
2026-03-07 12:57:26 [TestNG-test-OrangeHRMTest-2] ERROR BaseClass - This is Error message
2026-03-07 12:57:27 [TestNG-test-OrangeHRMTest-4] ERROR BaseClass - This is Error message
2026-03-07 12:57:28 [TestNG-test-OrangeHRMTest-3] ERROR BaseClass - This is Error message
2026-03-07 12:57:57 [TestNG-test-OrangeHRMTest-2] ERROR ActionDriver - Element is not visible  : Expected condition failed: waiting for visibility of element located by By.name: username (tried for 30 second(s) with 500 milliseconds interval)
2026-03-07 12:57:57 [TestNG-test-OrangeHRMTest-2] ERROR ActionDriver - Unable to describe element due to error: no such window: target window already closed
from unknown error: web view not found
  (Session info: chrome=145.0.7632.117)
Build info: version: '4.25.0', revision: '8a8aea2337'
System info: os.name: 'Windows 11', os.arch: 'amd64', os.version: '10.0', java.version: '17.0.12'
Driver info: org.openqa.selenium.chrome.ChromeDriver
Command: [b96c8b5e443f5dce409ccfa6e8eae0d7, findElement {using=name, value=username}]
Capabilities {acceptInsecureCerts: false, browserName: chrome, browserVersion: 145.0.7632.117, chrome: {chromedriverVersion: 145.0.7632.117 (de4e5d6e13b..., userDataDir: C:\Users\swaps\AppData\Loca...}, fedcm:accounts: true, goog:chromeOptions: {debuggerAddress: localhost:65197}, goog:processID: 12644, networkConnectionEnabled: false, pageLoadStrategy: normal, platformName: windows, proxy: Proxy(), se:cdp: ws://localhost:65197/devtoo..., se:cdpVersion: 145.0.7632.117, setWindowRect: true, strictFileInteractability: false, timeouts: {implicit: 0, pageLoad: 300000, script: 30000}, unhandledPromptBehavior: dismiss and notify, webauthn:extension:credBlob: true, webauthn:extension:largeBlob: true, webauthn:extension:minPinLength: true, webauthn:extension:prf: true, webauthn:virtualAuthenticators: true}
Session ID: b96c8b5e443f5dce409ccfa6e8eae0d7
2026-03-07 12:57:57 [TestNG-test-OrangeHRMTest-2] ERROR ActionDriver - Unable to describe element due to error: no such window: target window already closed
from unknown error: web view not found
  (Session info: chrome=145.0.7632.117)
Build info: version: '4.25.0', revision: '8a8aea2337'
System info: os.name: 'Windows 11', os.arch: 'amd64', os.version: '10.0', java.version: '17.0.12'
Driver info: org.openqa.selenium.chrome.ChromeDriver
Command: [b96c8b5e443f5dce409ccfa6e8eae0d7, findElement {using=name, value=username}]
Capabilities {acceptInsecureCerts: false, browserName: chrome, browserVersion: 145.0.7632.117, chrome: {chromedriverVersion: 145.0.7632.117 (de4e5d6e13b..., userDataDir: C:\Users\swaps\AppData\Loca...}, fedcm:accounts: true, goog:chromeOptions: {debuggerAddress: localhost:65197}, goog:processID: 12644, networkConnectionEnabled: false, pageLoadStrategy: normal, platformName: windows, proxy: Proxy(), se:cdp: ws://localhost:65197/devtoo..., se:cdpVersion: 145.0.7632.117, setWindowRect: true, strictFileInteractability: false, timeouts: {implicit: 0, pageLoad: 300000, script: 30000}, unhandledPromptBehavior: dismiss and notify, webauthn:extension:credBlob: true, webauthn:extension:largeBlob: true, webauthn:extension:minPinLength: true, webauthn:extension:prf: true, webauthn:virtualAuthenticators: true}
Session ID: b96c8b5e443f5dce409ccfa6e8eae0d7
2026-03-07 12:57:57 [TestNG-test-OrangeHRMTest-2] ERROR ActionDriver - Unable to enter the value : no such window: target window already closed
from unknown error: web view not found
  (Session info: chrome=145.0.7632.117)
Build info: version: '4.25.0', revision: '8a8aea2337'
System info: os.name: 'Windows 11', os.arch: 'amd64', os.version: '10.0', java.version: '17.0.12'
Driver info: org.openqa.selenium.chrome.ChromeDriver
Command: [b96c8b5e443f5dce409ccfa6e8eae0d7, findElement {using=name, value=username}]
Capabilities {acceptInsecureCerts: false, browserName: chrome, browserVersion: 145.0.7632.117, chrome: {chromedriverVersion: 145.0.7632.117 (de4e5d6e13b..., userDataDir: C:\Users\swaps\AppData\Loca...}, fedcm:accounts: true, goog:chromeOptions: {debuggerAddress: localhost:65197}, goog:processID: 12644, networkConnectionEnabled: false, pageLoadStrategy: normal, platformName: windows, proxy: Proxy(), se:cdp: ws://localhost:65197/devtoo..., se:cdpVersion: 145.0.7632.117, setWindowRect: true, strictFileInteractability: false, timeouts: {implicit: 0, pageLoad: 300000, script: 30000}, unhandledPromptBehavior: dismiss and notify, webauthn:extension:credBlob: true, webauthn:extension:largeBlob: true, webauthn:extension:minPinLength: true, webauthn:extension:prf: true, webauthn:virtualAuthenticators: true}
Session ID: b96c8b5e443f5dce409ccfa6e8eae0d7
2026-03-07 12:58:27 [TestNG-test-OrangeHRMTest-2] ERROR ActionDriver - Element is not visible  : Expected condition failed: waiting for visibility of element located by By.cssSelector: input[type='password'] (tried for 30 second(s) with 500 milliseconds interval)
2026-03-07 12:58:27 [TestNG-test-OrangeHRMTest-2] ERROR ActionDriver - Unable to describe element due to error: no such window: target window already closed
from unknown error: web view not found
  (Session info: chrome=145.0.7632.117)
Build info: version: '4.25.0', revision: '8a8aea2337'
System info: os.name: 'Windows 11', os.arch: 'amd64', os.version: '10.0', java.version: '17.0.12'
Driver info: org.openqa.selenium.chrome.ChromeDriver
Command: [b96c8b5e443f5dce409ccfa6e8eae0d7, findElement {using=css selector, value=input[type='password']}]
Capabilities {acceptInsecureCerts: false, browserName: chrome, browserVersion: 145.0.7632.117, chrome: {chromedriverVersion: 145.0.7632.117 (de4e5d6e13b..., userDataDir: C:\Users\swaps\AppData\Loca...}, fedcm:accounts: true, goog:chromeOptions: {debuggerAddress: localhost:65197}, goog:processID: 12644, networkConnectionEnabled: false, pageLoadStrategy: normal, platformName: windows, proxy: Proxy(), se:cdp: ws://localhost:65197/devtoo..., se:cdpVersion: 145.0.7632.117, setWindowRect: true, strictFileInteractability: false, timeouts: {implicit: 0, pageLoad: 300000, script: 30000}, unhandledPromptBehavior: dismiss and notify, webauthn:extension:credBlob: true, webauthn:extension:largeBlob: true, webauthn:extension:minPinLength: true, webauthn:extension:prf: true, webauthn:virtualAuthenticators: true}
Session ID: b96c8b5e443f5dce409ccfa6e8eae0d7
2026-03-07 12:58:27 [TestNG-test-OrangeHRMTest-2] ERROR ActionDriver - Unable to describe element due to error: no such window: target window already closed
from unknown error: web view not found
  (Session info: chrome=145.0.7632.117)
Build info: version: '4.25.0', revision: '8a8aea2337'
System info: os.name: 'Windows 11', os.arch: 'amd64', os.version: '10.0', java.version: '17.0.12'
Driver info: org.openqa.selenium.chrome.ChromeDriver
Command: [b96c8b5e443f5dce409ccfa6e8eae0d7, findElement {using=css selector, value=input[type='password']}]
Capabilities {acceptInsecureCerts: false, browserName: chrome, browserVersion: 145.0.7632.117, chrome: {chromedriverVersion: 145.0.7632.117 (de4e5d6e13b..., userDataDir: C:\Users\swaps\AppData\Loca...}, fedcm:accounts: true, goog:chromeOptions: {debuggerAddress: localhost:65197}, goog:processID: 12644, networkConnectionEnabled: false, pageLoadStrategy: normal, platformName: windows, proxy: Proxy(), se:cdp: ws://localhost:65197/devtoo..., se:cdpVersion: 145.0.7632.117, setWindowRect: true, strictFileInteractability: false, timeouts: {implicit: 0, pageLoad: 300000, script: 30000}, unhandledPromptBehavior: dismiss and notify, webauthn:extension:credBlob: true, webauthn:extension:largeBlob: true, webauthn:extension:minPinLength: true, webauthn:extension:prf: true, webauthn:virtualAuthenticators: true}
Session ID: b96c8b5e443f5dce409ccfa6e8eae0d7
2026-03-07 12:58:27 [TestNG-test-OrangeHRMTest-2] ERROR ActionDriver - Unable to enter the value : no such window: target window already closed
from unknown error: web view not found
  (Session info: chrome=145.0.7632.117)
Build info: version: '4.25.0', revision: '8a8aea2337'
System info: os.name: 'Windows 11', os.arch: 'amd64', os.version: '10.0', java.version: '17.0.12'
Driver info: org.openqa.selenium.chrome.ChromeDriver
Command: [b96c8b5e443f5dce409ccfa6e8eae0d7, findElement {using=css selector, value=input[type='password']}]
Capabilities {acceptInsecureCerts: false, browserName: chrome, browserVersion: 145.0.7632.117, chrome: {chromedriverVersion: 145.0.7632.117 (de4e5d6e13b..., userDataDir: C:\Users\swaps\AppData\Loca...}, fedcm:accounts: true, goog:chromeOptions: {debuggerAddress: localhost:65197}, goog:processID: 12644, networkConnectionEnabled: false, pageLoadStrategy: normal, platformName: windows, proxy: Proxy(), se:cdp: ws://localhost:65197/devtoo..., se:cdpVersion: 145.0.7632.117, setWindowRect: true, strictFileInteractability: false, timeouts: {implicit: 0, pageLoad: 300000, script: 30000}, unhandledPromptBehavior: dismiss and notify, webauthn:extension:credBlob: true, webauthn:extension:largeBlob: true, webauthn:extension:minPinLength: true, webauthn:extension:prf: true, webauthn:virtualAuthenticators: true}
Session ID: b96c8b5e443f5dce409ccfa6e8eae0d7
2026-03-07 12:58:27 [TestNG-test-OrangeHRMTest-2] ERROR ActionDriver - Unable to describe element due to error: no such window: target window already closed
from unknown error: web view not found
  (Session info: chrome=145.0.7632.117)
Build info: version: '4.25.0', revision: '8a8aea2337'
System info: os.name: 'Windows 11', os.arch: 'amd64', os.version: '10.0', java.version: '17.0.12'
Driver info: org.openqa.selenium.chrome.ChromeDriver
Command: [b96c8b5e443f5dce409ccfa6e8eae0d7, findElement {using=xpath, value=//button[text()=' Login ']}]
Capabilities {acceptInsecureCerts: false, browserName: chrome, browserVersion: 145.0.7632.117, chrome: {chromedriverVersion: 145.0.7632.117 (de4e5d6e13b..., userDataDir: C:\Users\swaps\AppData\Loca...}, fedcm:accounts: true, goog:chromeOptions: {debuggerAddress: localhost:65197}, goog:processID: 12644, networkConnectionEnabled: false, pageLoadStrategy: normal, platformName: windows, proxy: Proxy(), se:cdp: ws://localhost:65197/devtoo..., se:cdpVersion: 145.0.7632.117, setWindowRect: true, strictFileInteractability: false, timeouts: {implicit: 0, pageLoad: 300000, script: 30000}, unhandledPromptBehavior: dismiss and notify, webauthn:extension:credBlob: true, webauthn:extension:largeBlob: true, webauthn:extension:minPinLength: true, webauthn:extension:prf: true, webauthn:virtualAuthenticators: true}
Session ID: b96c8b5e443f5dce409ccfa6e8eae0d7
2026-03-07 12:58:27 [TestNG-test-OrangeHRMTest-2] ERROR ActionDriver - Unable to describe element due to error: no such window: target window already closed
from unknown error: web view not found
  (Session info: chrome=145.0.7632.117)
Build info: version: '4.25.0', revision: '8a8aea2337'
System info: os.name: 'Windows 11', os.arch: 'amd64', os.version: '10.0', java.version: '17.0.12'
Driver info: org.openqa.selenium.chrome.ChromeDriver
Command: [b96c8b5e443f5dce409ccfa6e8eae0d7, findElement {using=xpath, value=//button[text()=' Login ']}]
Capabilities {acceptInsecureCerts: false, browserName: chrome, browserVersion: 145.0.7632.117, chrome: {chromedriverVersion: 145.0.7632.117 (de4e5d6e13b..., userDataDir: C:\Users\swaps\AppData\Loca...}, fedcm:accounts: true, goog:chromeOptions: {debuggerAddress: localhost:65197}, goog:processID: 12644, networkConnectionEnabled: false, pageLoadStrategy: normal, platformName: windows, proxy: Proxy(), se:cdp: ws://localhost:65197/devtoo..., se:cdpVersion: 145.0.7632.117, setWindowRect: true, strictFileInteractability: false, timeouts: {implicit: 0, pageLoad: 300000, script: 30000}, unhandledPromptBehavior: dismiss and notify, webauthn:extension:credBlob: true, webauthn:extension:largeBlob: true, webauthn:extension:minPinLength: true, webauthn:extension:prf: true, webauthn:virtualAuthenticators: true}
Session ID: b96c8b5e443f5dce409ccfa6e8eae0d7
2026-03-07 12:58:58 [TestNG-test-OrangeHRMTest-2] ERROR ActionDriver - Element is not clickable  : Expected condition failed: waiting for element to be clickable: By.xpath: //button[text()=' Login '] (tried for 30 second(s) with 500 milliseconds interval)
2026-03-07 12:58:58 [TestNG-test-OrangeHRMTest-2] ERROR ActionDriver - Unable to describe element due to error: no such window: target window already closed
from unknown error: web view not found
  (Session info: chrome=145.0.7632.117)
Build info: version: '4.25.0', revision: '8a8aea2337'
System info: os.name: 'Windows 11', os.arch: 'amd64', os.version: '10.0', java.version: '17.0.12'
Driver info: org.openqa.selenium.chrome.ChromeDriver
Command: [b96c8b5e443f5dce409ccfa6e8eae0d7, findElement {using=xpath, value=//button[text()=' Login ']}]
Capabilities {acceptInsecureCerts: false, browserName: chrome, browserVersion: 145.0.7632.117, chrome: {chromedriverVersion: 145.0.7632.117 (de4e5d6e13b..., userDataDir: C:\Users\swaps\AppData\Loca...}, fedcm:accounts: true, goog:chromeOptions: {debuggerAddress: localhost:65197}, goog:processID: 12644, networkConnectionEnabled: false, pageLoadStrategy: normal, platformName: windows, proxy: Proxy(), se:cdp: ws://localhost:65197/devtoo..., se:cdpVersion: 145.0.7632.117, setWindowRect: true, strictFileInteractability: false, timeouts: {implicit: 0, pageLoad: 300000, script: 30000}, unhandledPromptBehavior: dismiss and notify, webauthn:extension:credBlob: true, webauthn:extension:largeBlob: true, webauthn:extension:minPinLength: true, webauthn:extension:prf: true, webauthn:virtualAuthenticators: true}
Session ID: b96c8b5e443f5dce409ccfa6e8eae0d7
2026-03-07 12:58:58 [TestNG-test-OrangeHRMTest-2] ERROR ActionDriver - Unable to click element : no such window: target window already closed
from unknown error: web view not found
  (Session info: chrome=145.0.7632.117)
Build info: version: '4.25.0', revision: '8a8aea2337'
System info: os.name: 'Windows 11', os.arch: 'amd64', os.version: '10.0', java.version: '17.0.12'
Driver info: org.openqa.selenium.chrome.ChromeDriver
Command: [b96c8b5e443f5dce409ccfa6e8eae0d7, findElement {using=xpath, value=//button[text()=' Login ']}]
Capabilities {acceptInsecureCerts: false, browserName: chrome, browserVersion: 145.0.7632.117, chrome: {chromedriverVersion: 145.0.7632.117 (de4e5d6e13b..., userDataDir: C:\Users\swaps\AppData\Loca...}, fedcm:accounts: true, goog:chromeOptions: {debuggerAddress: localhost:65197}, goog:processID: 12644, networkConnectionEnabled: false, pageLoadStrategy: normal, platformName: windows, proxy: Proxy(), se:cdp: ws://localhost:65197/devtoo..., se:cdpVersion: 145.0.7632.117, setWindowRect: true, strictFileInteractability: false, timeouts: {implicit: 0, pageLoad: 300000, script: 30000}, unhandledPromptBehavior: dismiss and notify, webauthn:extension:credBlob: true, webauthn:extension:largeBlob: true, webauthn:extension:minPinLength: true, webauthn:extension:prf: true, webauthn:virtualAuthenticators: true}
Session ID: b96c8b5e443f5dce409ccfa6e8eae0d7
2026-03-07 12:59:07 [TestNG-test-OrangeHRMTest-4] ERROR BaseClass - This is Error message
2026-03-07 12:59:07 [TestNG-test-OrangeHRMTest-3] ERROR BaseClass - This is Error message
2026-03-07 12:59:07 [TestNG-test-OrangeHRMTest-2] ERROR BaseClass - This is Error message
2026-03-07 12:59:28 [TestNG-test-OrangeHRMTest-2] ERROR ActionDriver - Element is not visible  : Expected condition failed: waiting for visibility of element located by By.xpath: //div[@class='oxd-brand-banner']//img (tried for 30 second(s) with 500 milliseconds interval)
2026-03-07 12:59:28 [TestNG-test-OrangeHRMTest-2] ERROR ActionDriver - Unable to describe element due to error: no such window: target window already closed
from unknown error: web view not found
  (Session info: chrome=145.0.7632.117)
Build info: version: '4.25.0', revision: '8a8aea2337'
System info: os.name: 'Windows 11', os.arch: 'amd64', os.version: '10.0', java.version: '17.0.12'
Driver info: org.openqa.selenium.chrome.ChromeDriver
Command: [b96c8b5e443f5dce409ccfa6e8eae0d7, findElement {using=xpath, value=//div[@class='oxd-brand-banner']//img}]
Capabilities {acceptInsecureCerts: false, browserName: chrome, browserVersion: 145.0.7632.117, chrome: {chromedriverVersion: 145.0.7632.117 (de4e5d6e13b..., userDataDir: C:\Users\swaps\AppData\Loca...}, fedcm:accounts: true, goog:chromeOptions: {debuggerAddress: localhost:65197}, goog:processID: 12644, networkConnectionEnabled: false, pageLoadStrategy: normal, platformName: windows, proxy: Proxy(), se:cdp: ws://localhost:65197/devtoo..., se:cdpVersion: 145.0.7632.117, setWindowRect: true, strictFileInteractability: false, timeouts: {implicit: 0, pageLoad: 300000, script: 30000}, unhandledPromptBehavior: dismiss and notify, webauthn:extension:credBlob: true, webauthn:extension:largeBlob: true, webauthn:extension:minPinLength: true, webauthn:extension:prf: true, webauthn:virtualAuthenticators: true}
Session ID: b96c8b5e443f5dce409ccfa6e8eae0d7
2026-03-07 12:59:28 [TestNG-test-OrangeHRMTest-2] ERROR ActionDriver - Unable to describe element due to error: no such window: target window already closed
from unknown error: web view not found
  (Session info: chrome=145.0.7632.117)
Build info: version: '4.25.0', revision: '8a8aea2337'
System info: os.name: 'Windows 11', os.arch: 'amd64', os.version: '10.0', java.version: '17.0.12'
Driver info: org.openqa.selenium.chrome.ChromeDriver
Command: [b96c8b5e443f5dce409ccfa6e8eae0d7, findElement {using=xpath, value=//div[@class='oxd-brand-banner']//img}]
Capabilities {acceptInsecureCerts: false, browserName: chrome, browserVersion: 145.0.7632.117, chrome: {chromedriverVersion: 145.0.7632.117 (de4e5d6e13b..., userDataDir: C:\Users\swaps\AppData\Loca...}, fedcm:accounts: true, goog:chromeOptions: {debuggerAddress: localhost:65197}, goog:processID: 12644, networkConnectionEnabled: false, pageLoadStrategy: normal, platformName: windows, proxy: Proxy(), se:cdp: ws://localhost:65197/devtoo..., se:cdpVersion: 145.0.7632.117, setWindowRect: true, strictFileInteractability: false, timeouts: {implicit: 0, pageLoad: 300000, script: 30000}, unhandledPromptBehavior: dismiss and notify, webauthn:extension:credBlob: true, webauthn:extension:largeBlob: true, webauthn:extension:minPinLength: true, webauthn:extension:prf: true, webauthn:virtualAuthenticators: true}
Session ID: b96c8b5e443f5dce409ccfa6e8eae0d7
2026-03-07 12:59:28 [TestNG-test-OrangeHRMTest-2] ERROR ActionDriver - Unable to describe element due to error: no such window: target window already closed
from unknown error: web view not found
  (Session info: chrome=145.0.7632.117)
Build info: version: '4.25.0', revision: '8a8aea2337'
System info: os.name: 'Windows 11', os.arch: 'amd64', os.version: '10.0', java.version: '17.0.12'
Driver info: org.openqa.selenium.chrome.ChromeDriver
Command: [b96c8b5e443f5dce409ccfa6e8eae0d7, findElement {using=xpath, value=//div[@class='oxd-brand-banner']//img}]
Capabilities {acceptInsecureCerts: false, browserName: chrome, browserVersion: 145.0.7632.117, chrome: {chromedriverVersion: 145.0.7632.117 (de4e5d6e13b..., userDataDir: C:\Users\swaps\AppData\Loca...}, fedcm:accounts: true, goog:chromeOptions: {debuggerAddress: localhost:65197}, goog:processID: 12644, networkConnectionEnabled: false, pageLoadStrategy: normal, platformName: windows, proxy: Proxy(), se:cdp: ws://localhost:65197/devtoo..., se:cdpVersion: 145.0.7632.117, setWindowRect: true, strictFileInteractability: false, timeouts: {implicit: 0, pageLoad: 300000, script: 30000}, unhandledPromptBehavior: dismiss and notify, webauthn:extension:credBlob: true, webauthn:extension:largeBlob: true, webauthn:extension:minPinLength: true, webauthn:extension:prf: true, webauthn:virtualAuthenticators: true}
Session ID: b96c8b5e443f5dce409ccfa6e8eae0d7
2026-03-07 12:59:28 [TestNG-test-OrangeHRMTest-2] ERROR ActionDriver - Unable to describe element due to error: no such window: target window already closed
from unknown error: web view not found
  (Session info: chrome=145.0.7632.117)
Build info: version: '4.25.0', revision: '8a8aea2337'
System info: os.name: 'Windows 11', os.arch: 'amd64', os.version: '10.0', java.version: '17.0.12'
Driver info: org.openqa.selenium.chrome.ChromeDriver
Command: [b96c8b5e443f5dce409ccfa6e8eae0d7, findElement {using=xpath, value=//div[@class='oxd-brand-banner']//img}]
Capabilities {acceptInsecureCerts: false, browserName: chrome, browserVersion: 145.0.7632.117, chrome: {chromedriverVersion: 145.0.7632.117 (de4e5d6e13b..., userDataDir: C:\Users\swaps\AppData\Loca...}, fedcm:accounts: true, goog:chromeOptions: {debuggerAddress: localhost:65197}, goog:processID: 12644, networkConnectionEnabled: false, pageLoadStrategy: normal, platformName: windows, proxy: Proxy(), se:cdp: ws://localhost:65197/devtoo..., se:cdpVersion: 145.0.7632.117, setWindowRect: true, strictFileInteractability: false, timeouts: {implicit: 0, pageLoad: 300000, script: 30000}, unhandledPromptBehavior: dismiss and notify, webauthn:extension:credBlob: true, webauthn:extension:largeBlob: true, webauthn:extension:minPinLength: true, webauthn:extension:prf: true, webauthn:virtualAuthenticators: true}
Session ID: b96c8b5e443f5dce409ccfa6e8eae0d7
2026-03-07 12:59:28 [TestNG-test-OrangeHRMTest-2] ERROR ActionDriver - Unable to describe element due to error: no such window: target window already closed
from unknown error: web view not found
  (Session info: chrome=145.0.7632.117)
Build info: version: '4.25.0', revision: '8a8aea2337'
System info: os.name: 'Windows 11', os.arch: 'amd64', os.version: '10.0', java.version: '17.0.12'
Driver info: org.openqa.selenium.chrome.ChromeDriver
Command: [b96c8b5e443f5dce409ccfa6e8eae0d7, findElement {using=xpath, value=//div[@class='oxd-brand-banner']//img}]
Capabilities {acceptInsecureCerts: false, browserName: chrome, browserVersion: 145.0.7632.117, chrome: {chromedriverVersion: 145.0.7632.117 (de4e5d6e13b..., userDataDir: C:\Users\swaps\AppData\Loca...}, fedcm:accounts: true, goog:chromeOptions: {debuggerAddress: localhost:65197}, goog:processID: 12644, networkConnectionEnabled: false, pageLoadStrategy: normal, platformName: windows, proxy: Proxy(), se:cdp: ws://localhost:65197/devtoo..., se:cdpVersion: 145.0.7632.117, setWindowRect: true, strictFileInteractability: false, timeouts: {implicit: 0, pageLoad: 300000, script: 30000}, unhandledPromptBehavior: dismiss and notify, webauthn:extension:credBlob: true, webauthn:extension:largeBlob: true, webauthn:extension:minPinLength: true, webauthn:extension:prf: true, webauthn:virtualAuthenticators: true}
Session ID: b96c8b5e443f5dce409ccfa6e8eae0d7
2026-03-07 12:59:28 [TestNG-test-OrangeHRMTest-2] ERROR ActionDriver - Element is not displayed : no such window: target window already closed
from unknown error: web view not found
  (Session info: chrome=145.0.7632.117)
Build info: version: '4.25.0', revision: '8a8aea2337'
System info: os.name: 'Windows 11', os.arch: 'amd64', os.version: '10.0', java.version: '17.0.12'
Driver info: org.openqa.selenium.chrome.ChromeDriver
Command: [b96c8b5e443f5dce409ccfa6e8eae0d7, findElement {using=xpath, value=//div[@class='oxd-brand-banner']//img}]
Capabilities {acceptInsecureCerts: false, browserName: chrome, browserVersion: 145.0.7632.117, chrome: {chromedriverVersion: 145.0.7632.117 (de4e5d6e13b..., userDataDir: C:\Users\swaps\AppData\Loca...}, fedcm:accounts: true, goog:chromeOptions: {debuggerAddress: localhost:65197}, goog:processID: 12644, networkConnectionEnabled: false, pageLoadStrategy: normal, platformName: windows, proxy: Proxy(), se:cdp: ws://localhost:65197/devtoo..., se:cdpVersion: 145.0.7632.117, setWindowRect: true, strictFileInteractability: false, timeouts: {implicit: 0, pageLoad: 300000, script: 30000}, unhandledPromptBehavior: dismiss and notify, webauthn:extension:credBlob: true, webauthn:extension:largeBlob: true, webauthn:extension:minPinLength: true, webauthn:extension:prf: true, webauthn:virtualAuthenticators: true}
Session ID: b96c8b5e443f5dce409ccfa6e8eae0d7
2026-03-07 12:59:28 [TestNG-test-OrangeHRMTest-2] ERROR ActionDriver - Unable to describe element due to error: no such window: target window already closed
from unknown error: web view not found
  (Session info: chrome=145.0.7632.117)
Build info: version: '4.25.0', revision: '8a8aea2337'
System info: os.name: 'Windows 11', os.arch: 'amd64', os.version: '10.0', java.version: '17.0.12'
Driver info: org.openqa.selenium.chrome.ChromeDriver
Command: [b96c8b5e443f5dce409ccfa6e8eae0d7, findElement {using=xpath, value=//div[@class='oxd-brand-banner']//img}]
Capabilities {acceptInsecureCerts: false, browserName: chrome, browserVersion: 145.0.7632.117, chrome: {chromedriverVersion: 145.0.7632.117 (de4e5d6e13b..., userDataDir: C:\Users\swaps\AppData\Loca...}, fedcm:accounts: true, goog:chromeOptions: {debuggerAddress: localhost:65197}, goog:processID: 12644, networkConnectionEnabled: false, pageLoadStrategy: normal, platformName: windows, proxy: Proxy(), se:cdp: ws://localhost:65197/devtoo..., se:cdpVersion: 145.0.7632.117, setWindowRect: true, strictFileInteractability: false, timeouts: {implicit: 0, pageLoad: 300000, script: 30000}, unhandledPromptBehavior: dismiss and notify, webauthn:extension:credBlob: true, webauthn:extension:largeBlob: true, webauthn:extension:minPinLength: true, webauthn:extension:prf: true, webauthn:virtualAuthenticators: true}
Session ID: b96c8b5e443f5dce409ccfa6e8eae0d7
2026-03-07 13:01:54 [TestNG-test-OrangeHRMTest-3] ERROR BaseClass - This is Error message
2026-03-07 13:01:54 [TestNG-test-OrangeHRMTest-4] ERROR BaseClass - This is Error message
2026-03-07 13:01:55 [TestNG-test-OrangeHRMTest-2] ERROR BaseClass - This is Error message
2026-03-07 13:03:59 [TestNG-test-OrangeHRMTest-3] ERROR BaseClass - This is Error message
2026-03-07 13:03:59 [TestNG-test-OrangeHRMTest-2] ERROR BaseClass - This is Error message
2026-03-07 13:04:00 [TestNG-test-OrangeHRMTest-4] ERROR BaseClass - This is Error message
2026-03-07 13:08:28 [TestNG-test-OrangeHRMTest-4] ERROR BaseClass - This is Error message
2026-03-07 13:08:28 [TestNG-test-OrangeHRMTest-2] ERROR BaseClass - This is Error message
2026-03-07 13:08:31 [TestNG-test-OrangeHRMTest-3] ERROR BaseClass - This is Error message
2026-03-07 13:10:43 [TestNG-test-OrangeHRMTest-2] ERROR BaseClass - This is Error message
2026-03-07 13:10:46 [TestNG-test-OrangeHRMTest-3] ERROR BaseClass - This is Error message
2026-03-07 13:10:47 [TestNG-test-OrangeHRMTest-4] ERROR BaseClass - This is Error message
2026-03-07 13:12:31 [TestNG-test-OrangeHRMTest-4] ERROR BaseClass - This is Error message
2026-03-07 13:12:31 [TestNG-test-OrangeHRMTest-3] ERROR BaseClass - This is Error message
2026-03-07 13:12:32 [TestNG-test-OrangeHRMTest-2] ERROR BaseClass - This is Error message
2026-03-07 13:38:45 [TestNG-test-OrangeHRMTest-3] ERROR BaseClass - This is Error message
2026-03-07 13:38:45 [TestNG-test-OrangeHRMTest-1] ERROR BaseClass - This is Error message
2026-03-07 13:38:49 [TestNG-test-OrangeHRMTest-2] ERROR BaseClass - This is Error message
2026-03-07 13:38:55 [TestNG-test-OrangeHRMTest-3] ERROR BaseClass - This is Error message
2026-03-07 13:38:56 [TestNG-test-OrangeHRMTest-1] ERROR ActionDriver - Text are not matching :Invalid credentials ,  Invalid Credentials1
2026-03-07 13:39:06 [TestNG-test-OrangeHRMTest-1] ERROR BaseClass - This is Error message
2026-03-07 13:39:27 [TestNG-test-OrangeHRMTest-2] ERROR ActionDriver - Element is not visible  : Expected condition failed: waiting for visibility of element located by By.xpath: //div[@class='oxd-brand-banner']//img (tried for 30 second(s) with 500 milliseconds interval)
Build info: version: '4.25.0', revision: '8a8aea2337'
System info: os.name: 'Windows 11', os.arch: 'amd64', os.version: '10.0', java.version: '17.0.12'
Driver info: org.openqa.selenium.chrome.ChromeDriver
Capabilities {acceptInsecureCerts: false, browserName: chrome, browserVersion: 145.0.7632.117, chrome: {chromedriverVersion: 145.0.7632.117 (de4e5d6e13b..., userDataDir: C:\Users\swaps\AppData\Loca...}, fedcm:accounts: true, goog:chromeOptions: {debuggerAddress: localhost:55939}, goog:processID: 12012, networkConnectionEnabled: false, pageLoadStrategy: normal, platformName: windows, proxy: Proxy(), se:cdp: ws://localhost:55939/devtoo..., se:cdpVersion: 145.0.7632.117, setWindowRect: true, strictFileInteractability: false, timeouts: {implicit: 0, pageLoad: 300000, script: 30000}, unhandledPromptBehavior: dismiss and notify, webauthn:extension:credBlob: true, webauthn:extension:largeBlob: true, webauthn:extension:minPinLength: true, webauthn:extension:prf: true, webauthn:virtualAuthenticators: true}
Session ID: d9d08a2f81e10986493ec462a64b5289
2026-03-07 13:39:45 [TestNG-test-OrangeHRMTest-1] ERROR ActionDriver - Element is not visible  : Expected condition failed: waiting for visibility of element located by By.xpath: //span[text()='Admin'] (tried for 30 second(s) with 500 milliseconds interval)
Build info: version: '4.25.0', revision: '8a8aea2337'
System info: os.name: 'Windows 11', os.arch: 'amd64', os.version: '10.0', java.version: '17.0.12'
Driver info: org.openqa.selenium.chrome.ChromeDriver
Capabilities {acceptInsecureCerts: false, browserName: chrome, browserVersion: 145.0.7632.117, chrome: {chromedriverVersion: 145.0.7632.117 (de4e5d6e13b..., userDataDir: C:\Users\swaps\AppData\Loca...}, fedcm:accounts: true, goog:chromeOptions: {debuggerAddress: localhost:53636}, goog:processID: 11816, networkConnectionEnabled: false, pageLoadStrategy: normal, platformName: windows, proxy: Proxy(), se:cdp: ws://localhost:53636/devtoo..., se:cdpVersion: 145.0.7632.117, setWindowRect: true, strictFileInteractability: false, timeouts: {implicit: 0, pageLoad: 300000, script: 30000}, unhandledPromptBehavior: dismiss and notify, webauthn:extension:credBlob: true, webauthn:extension:largeBlob: true, webauthn:extension:minPinLength: true, webauthn:extension:prf: true, webauthn:virtualAuthenticators: true}
Session ID: a4118212a5d29f012a9cbe7a4b927e25
2026-03-07 13:39:47 [TestNG-test-OrangeHRMTest-2] ERROR ActionDriver - Unable to describe element due to error: no such element: Unable to locate element: {"method":"xpath","selector":"//div[@class='oxd-brand-banner']//img"}
  (Session info: chrome=145.0.7632.117)
For documentation on this error, please visit: https://www.selenium.dev/documentation/webdriver/troubleshooting/errors#no-such-element-exception
Build info: version: '4.25.0', revision: '8a8aea2337'
System info: os.name: 'Windows 11', os.arch: 'amd64', os.version: '10.0', java.version: '17.0.12'
Driver info: org.openqa.selenium.chrome.ChromeDriver
Command: [d9d08a2f81e10986493ec462a64b5289, findElement {value=//div[@class='oxd-brand-banner']//img, using=xpath}]
Capabilities {acceptInsecureCerts: false, browserName: chrome, browserVersion: 145.0.7632.117, chrome: {chromedriverVersion: 145.0.7632.117 (de4e5d6e13b..., userDataDir: C:\Users\swaps\AppData\Loca...}, fedcm:accounts: true, goog:chromeOptions: {debuggerAddress: localhost:55939}, goog:processID: 12012, networkConnectionEnabled: false, pageLoadStrategy: normal, platformName: windows, proxy: Proxy(), se:cdp: ws://localhost:55939/devtoo..., se:cdpVersion: 145.0.7632.117, setWindowRect: true, strictFileInteractability: false, timeouts: {implicit: 0, pageLoad: 300000, script: 30000}, unhandledPromptBehavior: dismiss and notify, webauthn:extension:credBlob: true, webauthn:extension:largeBlob: true, webauthn:extension:minPinLength: true, webauthn:extension:prf: true, webauthn:virtualAuthenticators: true}
Session ID: d9d08a2f81e10986493ec462a64b5289
2026-03-07 13:39:58 [TestNG-test-OrangeHRMTest-2] ERROR ActionDriver - Unable to describe element due to error: no such element: Unable to locate element: {"method":"xpath","selector":"//div[@class='oxd-brand-banner']//img"}
  (Session info: chrome=145.0.7632.117)
For documentation on this error, please visit: https://www.selenium.dev/documentation/webdriver/troubleshooting/errors#no-such-element-exception
Build info: version: '4.25.0', revision: '8a8aea2337'
System info: os.name: 'Windows 11', os.arch: 'amd64', os.version: '10.0', java.version: '17.0.12'
Driver info: org.openqa.selenium.chrome.ChromeDriver
Command: [d9d08a2f81e10986493ec462a64b5289, findElement {value=//div[@class='oxd-brand-banner']//img, using=xpath}]
Capabilities {acceptInsecureCerts: false, browserName: chrome, browserVersion: 145.0.7632.117, chrome: {chromedriverVersion: 145.0.7632.117 (de4e5d6e13b..., userDataDir: C:\Users\swaps\AppData\Loca...}, fedcm:accounts: true, goog:chromeOptions: {debuggerAddress: localhost:55939}, goog:processID: 12012, networkConnectionEnabled: false, pageLoadStrategy: normal, platformName: windows, proxy: Proxy(), se:cdp: ws://localhost:55939/devtoo..., se:cdpVersion: 145.0.7632.117, setWindowRect: true, strictFileInteractability: false, timeouts: {implicit: 0, pageLoad: 300000, script: 30000}, unhandledPromptBehavior: dismiss and notify, webauthn:extension:credBlob: true, webauthn:extension:largeBlob: true, webauthn:extension:minPinLength: true, webauthn:extension:prf: true, webauthn:virtualAuthenticators: true}
Session ID: d9d08a2f81e10986493ec462a64b5289
2026-03-07 13:40:06 [TestNG-test-OrangeHRMTest-1] ERROR ActionDriver - Unable to describe element due to error: no such element: Unable to locate element: {"method":"xpath","selector":"//span[text()='Admin']"}
  (Session info: chrome=145.0.7632.117)
For documentation on this error, please visit: https://www.selenium.dev/documentation/webdriver/troubleshooting/errors#no-such-element-exception
Build info: version: '4.25.0', revision: '8a8aea2337'
System info: os.name: 'Windows 11', os.arch: 'amd64', os.version: '10.0', java.version: '17.0.12'
Driver info: org.openqa.selenium.chrome.ChromeDriver
Command: [a4118212a5d29f012a9cbe7a4b927e25, findElement {value=//span[text()='Admin'], using=xpath}]
Capabilities {acceptInsecureCerts: false, browserName: chrome, browserVersion: 145.0.7632.117, chrome: {chromedriverVersion: 145.0.7632.117 (de4e5d6e13b..., userDataDir: C:\Users\swaps\AppData\Loca...}, fedcm:accounts: true, goog:chromeOptions: {debuggerAddress: localhost:53636}, goog:processID: 11816, networkConnectionEnabled: false, pageLoadStrategy: normal, platformName: windows, proxy: Proxy(), se:cdp: ws://localhost:53636/devtoo..., se:cdpVersion: 145.0.7632.117, setWindowRect: true, strictFileInteractability: false, timeouts: {implicit: 0, pageLoad: 300000, script: 30000}, unhandledPromptBehavior: dismiss and notify, webauthn:extension:credBlob: true, webauthn:extension:largeBlob: true, webauthn:extension:minPinLength: true, webauthn:extension:prf: true, webauthn:virtualAuthenticators: true}
Session ID: a4118212a5d29f012a9cbe7a4b927e25
2026-03-07 13:40:08 [TestNG-test-OrangeHRMTest-2] ERROR ActionDriver - Unable to describe element due to error: no such element: Unable to locate element: {"method":"xpath","selector":"//div[@class='oxd-brand-banner']//img"}
  (Session info: chrome=145.0.7632.117)
For documentation on this error, please visit: https://www.selenium.dev/documentation/webdriver/troubleshooting/errors#no-such-element-exception
Build info: version: '4.25.0', revision: '8a8aea2337'
System info: os.name: 'Windows 11', os.arch: 'amd64', os.version: '10.0', java.version: '17.0.12'
Driver info: org.openqa.selenium.chrome.ChromeDriver
Command: [d9d08a2f81e10986493ec462a64b5289, findElement {value=//div[@class='oxd-brand-banner']//img, using=xpath}]
Capabilities {acceptInsecureCerts: false, browserName: chrome, browserVersion: 145.0.7632.117, chrome: {chromedriverVersion: 145.0.7632.117 (de4e5d6e13b..., userDataDir: C:\Users\swaps\AppData\Loca...}, fedcm:accounts: true, goog:chromeOptions: {debuggerAddress: localhost:55939}, goog:processID: 12012, networkConnectionEnabled: false, pageLoadStrategy: normal, platformName: windows, proxy: Proxy(), se:cdp: ws://localhost:55939/devtoo..., se:cdpVersion: 145.0.7632.117, setWindowRect: true, strictFileInteractability: false, timeouts: {implicit: 0, pageLoad: 300000, script: 30000}, unhandledPromptBehavior: dismiss and notify, webauthn:extension:credBlob: true, webauthn:extension:largeBlob: true, webauthn:extension:minPinLength: true, webauthn:extension:prf: true, webauthn:virtualAuthenticators: true}
Session ID: d9d08a2f81e10986493ec462a64b5289
2026-03-07 13:40:16 [TestNG-test-OrangeHRMTest-1] ERROR ActionDriver - Unable to describe element due to error: no such element: Unable to locate element: {"method":"xpath","selector":"//span[text()='Admin']"}
  (Session info: chrome=145.0.7632.117)
For documentation on this error, please visit: https://www.selenium.dev/documentation/webdriver/troubleshooting/errors#no-such-element-exception
Build info: version: '4.25.0', revision: '8a8aea2337'
System info: os.name: 'Windows 11', os.arch: 'amd64', os.version: '10.0', java.version: '17.0.12'
Driver info: org.openqa.selenium.chrome.ChromeDriver
Command: [a4118212a5d29f012a9cbe7a4b927e25, findElement {value=//span[text()='Admin'], using=xpath}]
Capabilities {acceptInsecureCerts: false, browserName: chrome, browserVersion: 145.0.7632.117, chrome: {chromedriverVersion: 145.0.7632.117 (de4e5d6e13b..., userDataDir: C:\Users\swaps\AppData\Loca...}, fedcm:accounts: true, goog:chromeOptions: {debuggerAddress: localhost:53636}, goog:processID: 11816, networkConnectionEnabled: false, pageLoadStrategy: normal, platformName: windows, proxy: Proxy(), se:cdp: ws://localhost:53636/devtoo..., se:cdpVersion: 145.0.7632.117, setWindowRect: true, strictFileInteractability: false, timeouts: {implicit: 0, pageLoad: 300000, script: 30000}, unhandledPromptBehavior: dismiss and notify, webauthn:extension:credBlob: true, webauthn:extension:largeBlob: true, webauthn:extension:minPinLength: true, webauthn:extension:prf: true, webauthn:virtualAuthenticators: true}
Session ID: a4118212a5d29f012a9cbe7a4b927e25
2026-03-07 13:40:18 [TestNG-test-OrangeHRMTest-2] ERROR ActionDriver - Unable to describe element due to error: no such element: Unable to locate element: {"method":"xpath","selector":"//div[@class='oxd-brand-banner']//img"}
  (Session info: chrome=145.0.7632.117)
For documentation on this error, please visit: https://www.selenium.dev/documentation/webdriver/troubleshooting/errors#no-such-element-exception
Build info: version: '4.25.0', revision: '8a8aea2337'
System info: os.name: 'Windows 11', os.arch: 'amd64', os.version: '10.0', java.version: '17.0.12'
Driver info: org.openqa.selenium.chrome.ChromeDriver
Command: [d9d08a2f81e10986493ec462a64b5289, findElement {value=//div[@class='oxd-brand-banner']//img, using=xpath}]
Capabilities {acceptInsecureCerts: false, browserName: chrome, browserVersion: 145.0.7632.117, chrome: {chromedriverVersion: 145.0.7632.117 (de4e5d6e13b..., userDataDir: C:\Users\swaps\AppData\Loca...}, fedcm:accounts: true, goog:chromeOptions: {debuggerAddress: localhost:55939}, goog:processID: 12012, networkConnectionEnabled: false, pageLoadStrategy: normal, platformName: windows, proxy: Proxy(), se:cdp: ws://localhost:55939/devtoo..., se:cdpVersion: 145.0.7632.117, setWindowRect: true, strictFileInteractability: false, timeouts: {implicit: 0, pageLoad: 300000, script: 30000}, unhandledPromptBehavior: dismiss and notify, webauthn:extension:credBlob: true, webauthn:extension:largeBlob: true, webauthn:extension:minPinLength: true, webauthn:extension:prf: true, webauthn:virtualAuthenticators: true}
Session ID: d9d08a2f81e10986493ec462a64b5289
2026-03-07 13:40:26 [TestNG-test-OrangeHRMTest-1] ERROR ActionDriver - Unable to describe element due to error: no such element: Unable to locate element: {"method":"xpath","selector":"//span[text()='Admin']"}
  (Session info: chrome=145.0.7632.117)
For documentation on this error, please visit: https://www.selenium.dev/documentation/webdriver/troubleshooting/errors#no-such-element-exception
Build info: version: '4.25.0', revision: '8a8aea2337'
System info: os.name: 'Windows 11', os.arch: 'amd64', os.version: '10.0', java.version: '17.0.12'
Driver info: org.openqa.selenium.chrome.ChromeDriver
Command: [a4118212a5d29f012a9cbe7a4b927e25, findElement {value=//span[text()='Admin'], using=xpath}]
Capabilities {acceptInsecureCerts: false, browserName: chrome, browserVersion: 145.0.7632.117, chrome: {chromedriverVersion: 145.0.7632.117 (de4e5d6e13b..., userDataDir: C:\Users\swaps\AppData\Loca...}, fedcm:accounts: true, goog:chromeOptions: {debuggerAddress: localhost:53636}, goog:processID: 11816, networkConnectionEnabled: false, pageLoadStrategy: normal, platformName: windows, proxy: Proxy(), se:cdp: ws://localhost:53636/devtoo..., se:cdpVersion: 145.0.7632.117, setWindowRect: true, strictFileInteractability: false, timeouts: {implicit: 0, pageLoad: 300000, script: 30000}, unhandledPromptBehavior: dismiss and notify, webauthn:extension:credBlob: true, webauthn:extension:largeBlob: true, webauthn:extension:minPinLength: true, webauthn:extension:prf: true, webauthn:virtualAuthenticators: true}
Session ID: a4118212a5d29f012a9cbe7a4b927e25
2026-03-07 13:40:36 [TestNG-test-OrangeHRMTest-1] ERROR ActionDriver - Unable to describe element due to error: no such element: Unable to locate element: {"method":"xpath","selector":"//span[text()='Admin']"}
  (Session info: chrome=145.0.7632.117)
For documentation on this error, please visit: https://www.selenium.dev/documentation/webdriver/troubleshooting/errors#no-such-element-exception
Build info: version: '4.25.0', revision: '8a8aea2337'
System info: os.name: 'Windows 11', os.arch: 'amd64', os.version: '10.0', java.version: '17.0.12'
Driver info: org.openqa.selenium.chrome.ChromeDriver
Command: [a4118212a5d29f012a9cbe7a4b927e25, findElement {value=//span[text()='Admin'], using=xpath}]
Capabilities {acceptInsecureCerts: false, browserName: chrome, browserVersion: 145.0.7632.117, chrome: {chromedriverVersion: 145.0.7632.117 (de4e5d6e13b..., userDataDir: C:\Users\swaps\AppData\Loca...}, fedcm:accounts: true, goog:chromeOptions: {debuggerAddress: localhost:53636}, goog:processID: 11816, networkConnectionEnabled: false, pageLoadStrategy: normal, platformName: windows, proxy: Proxy(), se:cdp: ws://localhost:53636/devtoo..., se:cdpVersion: 145.0.7632.117, setWindowRect: true, strictFileInteractability: false, timeouts: {implicit: 0, pageLoad: 300000, script: 30000}, unhandledPromptBehavior: dismiss and notify, webauthn:extension:credBlob: true, webauthn:extension:largeBlob: true, webauthn:extension:minPinLength: true, webauthn:extension:prf: true, webauthn:virtualAuthenticators: true}
Session ID: a4118212a5d29f012a9cbe7a4b927e25
2026-03-07 13:40:48 [TestNG-test-OrangeHRMTest-2] ERROR ActionDriver - Unable to describe element due to error: no such element: Unable to locate element: {"method":"xpath","selector":"//div[@class='oxd-brand-banner']//img"}
  (Session info: chrome=145.0.7632.117)
For documentation on this error, please visit: https://www.selenium.dev/documentation/webdriver/troubleshooting/errors#no-such-element-exception
Build info: version: '4.25.0', revision: '8a8aea2337'
System info: os.name: 'Windows 11', os.arch: 'amd64', os.version: '10.0', java.version: '17.0.12'
Driver info: org.openqa.selenium.chrome.ChromeDriver
Command: [d9d08a2f81e10986493ec462a64b5289, findElement {value=//div[@class='oxd-brand-banner']//img, using=xpath}]
Capabilities {acceptInsecureCerts: false, browserName: chrome, browserVersion: 145.0.7632.117, chrome: {chromedriverVersion: 145.0.7632.117 (de4e5d6e13b..., userDataDir: C:\Users\swaps\AppData\Loca...}, fedcm:accounts: true, goog:chromeOptions: {debuggerAddress: localhost:55939}, goog:processID: 12012, networkConnectionEnabled: false, pageLoadStrategy: normal, platformName: windows, proxy: Proxy(), se:cdp: ws://localhost:55939/devtoo..., se:cdpVersion: 145.0.7632.117, setWindowRect: true, strictFileInteractability: false, timeouts: {implicit: 0, pageLoad: 300000, script: 30000}, unhandledPromptBehavior: dismiss and notify, webauthn:extension:credBlob: true, webauthn:extension:largeBlob: true, webauthn:extension:minPinLength: true, webauthn:extension:prf: true, webauthn:virtualAuthenticators: true}
Session ID: d9d08a2f81e10986493ec462a64b5289
2026-03-07 13:40:48 [TestNG-test-OrangeHRMTest-2] ERROR ActionDriver - Element is not displayed : no such element: Unable to locate element: {"method":"xpath","selector":"//div[@class='oxd-brand-banner']//img"}
  (Session info: chrome=145.0.7632.117)
For documentation on this error, please visit: https://www.selenium.dev/documentation/webdriver/troubleshooting/errors#no-such-element-exception
Build info: version: '4.25.0', revision: '8a8aea2337'
System info: os.name: 'Windows 11', os.arch: 'amd64', os.version: '10.0', java.version: '17.0.12'
Driver info: org.openqa.selenium.chrome.ChromeDriver
Command: [d9d08a2f81e10986493ec462a64b5289, findElement {value=//div[@class='oxd-brand-banner']//img, using=xpath}]
Capabilities {acceptInsecureCerts: false, browserName: chrome, browserVersion: 145.0.7632.117, chrome: {chromedriverVersion: 145.0.7632.117 (de4e5d6e13b..., userDataDir: C:\Users\swaps\AppData\Loca...}, fedcm:accounts: true, goog:chromeOptions: {debuggerAddress: localhost:55939}, goog:processID: 12012, networkConnectionEnabled: false, pageLoadStrategy: normal, platformName: windows, proxy: Proxy(), se:cdp: ws://localhost:55939/devtoo..., se:cdpVersion: 145.0.7632.117, setWindowRect: true, strictFileInteractability: false, timeouts: {implicit: 0, pageLoad: 300000, script: 30000}, unhandledPromptBehavior: dismiss and notify, webauthn:extension:credBlob: true, webauthn:extension:largeBlob: true, webauthn:extension:minPinLength: true, webauthn:extension:prf: true, webauthn:virtualAuthenticators: true}
Session ID: d9d08a2f81e10986493ec462a64b5289
2026-03-07 13:40:58 [TestNG-test-OrangeHRMTest-2] ERROR ActionDriver - Unable to describe element due to error: no such element: Unable to locate element: {"method":"xpath","selector":"//div[@class='oxd-brand-banner']//img"}
  (Session info: chrome=145.0.7632.117)
For documentation on this error, please visit: https://www.selenium.dev/documentation/webdriver/troubleshooting/errors#no-such-element-exception
Build info: version: '4.25.0', revision: '8a8aea2337'
System info: os.name: 'Windows 11', os.arch: 'amd64', os.version: '10.0', java.version: '17.0.12'
Driver info: org.openqa.selenium.chrome.ChromeDriver
Command: [d9d08a2f81e10986493ec462a64b5289, findElement {value=//div[@class='oxd-brand-banner']//img, using=xpath}]
Capabilities {acceptInsecureCerts: false, browserName: chrome, browserVersion: 145.0.7632.117, chrome: {chromedriverVersion: 145.0.7632.117 (de4e5d6e13b..., userDataDir: C:\Users\swaps\AppData\Loca...}, fedcm:accounts: true, goog:chromeOptions: {debuggerAddress: localhost:55939}, goog:processID: 12012, networkConnectionEnabled: false, pageLoadStrategy: normal, platformName: windows, proxy: Proxy(), se:cdp: ws://localhost:55939/devtoo..., se:cdpVersion: 145.0.7632.117, setWindowRect: true, strictFileInteractability: false, timeouts: {implicit: 0, pageLoad: 300000, script: 30000}, unhandledPromptBehavior: dismiss and notify, webauthn:extension:credBlob: true, webauthn:extension:largeBlob: true, webauthn:extension:minPinLength: true, webauthn:extension:prf: true, webauthn:virtualAuthenticators: true}
Session ID: d9d08a2f81e10986493ec462a64b5289
2026-03-07 13:41:06 [TestNG-test-OrangeHRMTest-1] ERROR ActionDriver - Unable to describe element due to error: no such element: Unable to locate element: {"method":"xpath","selector":"//span[text()='Admin']"}
  (Session info: chrome=145.0.7632.117)
For documentation on this error, please visit: https://www.selenium.dev/documentation/webdriver/troubleshooting/errors#no-such-element-exception
Build info: version: '4.25.0', revision: '8a8aea2337'
System info: os.name: 'Windows 11', os.arch: 'amd64', os.version: '10.0', java.version: '17.0.12'
Driver info: org.openqa.selenium.chrome.ChromeDriver
Command: [a4118212a5d29f012a9cbe7a4b927e25, findElement {value=//span[text()='Admin'], using=xpath}]
Capabilities {acceptInsecureCerts: false, browserName: chrome, browserVersion: 145.0.7632.117, chrome: {chromedriverVersion: 145.0.7632.117 (de4e5d6e13b..., userDataDir: C:\Users\swaps\AppData\Loca...}, fedcm:accounts: true, goog:chromeOptions: {debuggerAddress: localhost:53636}, goog:processID: 11816, networkConnectionEnabled: false, pageLoadStrategy: normal, platformName: windows, proxy: Proxy(), se:cdp: ws://localhost:53636/devtoo..., se:cdpVersion: 145.0.7632.117, setWindowRect: true, strictFileInteractability: false, timeouts: {implicit: 0, pageLoad: 300000, script: 30000}, unhandledPromptBehavior: dismiss and notify, webauthn:extension:credBlob: true, webauthn:extension:largeBlob: true, webauthn:extension:minPinLength: true, webauthn:extension:prf: true, webauthn:virtualAuthenticators: true}
Session ID: a4118212a5d29f012a9cbe7a4b927e25
2026-03-07 13:41:06 [TestNG-test-OrangeHRMTest-1] ERROR ActionDriver - Element is not displayed : no such element: Unable to locate element: {"method":"xpath","selector":"//span[text()='Admin']"}
  (Session info: chrome=145.0.7632.117)
For documentation on this error, please visit: https://www.selenium.dev/documentation/webdriver/troubleshooting/errors#no-such-element-exception
Build info: version: '4.25.0', revision: '8a8aea2337'
System info: os.name: 'Windows 11', os.arch: 'amd64', os.version: '10.0', java.version: '17.0.12'
Driver info: org.openqa.selenium.chrome.ChromeDriver
Command: [a4118212a5d29f012a9cbe7a4b927e25, findElement {value=//span[text()='Admin'], using=xpath}]
Capabilities {acceptInsecureCerts: false, browserName: chrome, browserVersion: 145.0.7632.117, chrome: {chromedriverVersion: 145.0.7632.117 (de4e5d6e13b..., userDataDir: C:\Users\swaps\AppData\Loca...}, fedcm:accounts: true, goog:chromeOptions: {debuggerAddress: localhost:53636}, goog:processID: 11816, networkConnectionEnabled: false, pageLoadStrategy: normal, platformName: windows, proxy: Proxy(), se:cdp: ws://localhost:53636/devtoo..., se:cdpVersion: 145.0.7632.117, setWindowRect: true, strictFileInteractability: false, timeouts: {implicit: 0, pageLoad: 300000, script: 30000}, unhandledPromptBehavior: dismiss and notify, webauthn:extension:credBlob: true, webauthn:extension:largeBlob: true, webauthn:extension:minPinLength: true, webauthn:extension:prf: true, webauthn:virtualAuthenticators: true}
Session ID: a4118212a5d29f012a9cbe7a4b927e25
2026-03-07 13:41:16 [TestNG-test-OrangeHRMTest-1] ERROR ActionDriver - Unable to describe element due to error: no such element: Unable to locate element: {"method":"xpath","selector":"//span[text()='Admin']"}
  (Session info: chrome=145.0.7632.117)
For documentation on this error, please visit: https://www.selenium.dev/documentation/webdriver/troubleshooting/errors#no-such-element-exception
Build info: version: '4.25.0', revision: '8a8aea2337'
System info: os.name: 'Windows 11', os.arch: 'amd64', os.version: '10.0', java.version: '17.0.12'
Driver info: org.openqa.selenium.chrome.ChromeDriver
Command: [a4118212a5d29f012a9cbe7a4b927e25, findElement {value=//span[text()='Admin'], using=xpath}]
Capabilities {acceptInsecureCerts: false, browserName: chrome, browserVersion: 145.0.7632.117, chrome: {chromedriverVersion: 145.0.7632.117 (de4e5d6e13b..., userDataDir: C:\Users\swaps\AppData\Loca...}, fedcm:accounts: true, goog:chromeOptions: {debuggerAddress: localhost:53636}, goog:processID: 11816, networkConnectionEnabled: false, pageLoadStrategy: normal, platformName: windows, proxy: Proxy(), se:cdp: ws://localhost:53636/devtoo..., se:cdpVersion: 145.0.7632.117, setWindowRect: true, strictFileInteractability: false, timeouts: {implicit: 0, pageLoad: 300000, script: 30000}, unhandledPromptBehavior: dismiss and notify, webauthn:extension:credBlob: true, webauthn:extension:largeBlob: true, webauthn:extension:minPinLength: true, webauthn:extension:prf: true, webauthn:virtualAuthenticators: true}
Session ID: a4118212a5d29f012a9cbe7a4b927e25
2026-03-07 13:41:41 [TestNG-test-OrangeHRMTest-1] ERROR BaseClass - This is Error message
2026-03-07 13:41:41 [TestNG-test-OrangeHRMTest-2] ERROR BaseClass - This is Error message
2026-03-07 13:41:41 [TestNG-test-OrangeHRMTest-3] ERROR BaseClass - This is Error message
2026-03-07 13:41:45 [TestNG-test-OrangeHRMTest-1] ERROR ActionDriver - Text are not matching :Invalid credentials ,  Invalid Credentials1
2026-03-07 13:41:48 [TestNG-test-OrangeHRMTest-3] ERROR BaseClass - This is Error message
2026-03-07 13:41:52 [TestNG-test-OrangeHRMTest-1] ERROR BaseClass - This is Error message
